<html>
<body>
<pre>
<h1>µVision Build Log</h1>
<h2>Tool Versions:</h2>
IDE-Version: ¦ÌVision V5.39.0.0
Copyright (C) 2023 ARM Ltd and ARM Germany GmbH. All rights reserved.
License Information: SRV,JHKUSD 2046138442@qq.com, WEGC, LIC=RC93N-YKRNX-JJM6S-LG9BX-HBEK6-CXEQS
 
Tool Versions:
Toolchain:       MDK-ARM Plus  Version: 5.39.0.0
Toolchain Path:  D:\UV4\ARM\ARMCC\Bin
C Compiler:      Armcc.exe V5.06 update 5 (build 528)
Assembler:       Armasm.exe V5.06 update 5 (build 528)
Linker/Locator:  ArmLink.exe V5.06 update 5 (build 528)
Library Manager: ArmAr.exe V5.06 update 5 (build 528)
Hex Converter:   FromElf.exe V5.06 update 5 (build 528)
CPU DLL:         SARMCM3.DLL V5.39.0.0
Dialog DLL:      DCM.DLL V1.17.5.0
Target DLL:      STLink\ST-LINKIII-KEIL_SWO.dll V3.2.0.0
Dialog DLL:      TCM.DLL V1.56.4.0
 
<h2>Project:</h2>
D:\AAAÒ°»ð×ÊÁÏ\AAAÒ°»ðF103ZET6°ÔµÀV2ÍøÅÌ20230504\F407\MAX9814_FFT_STM32F407\STM32F407\Project\test.uvprojx
Project File Date:  02/28/2026

<h2>Output:</h2>
*** Using Compiler 'V5.06 update 5 (build 528)', folder: 'D:\UV4\ARM\ARMCC\Bin'
Rebuild target 'test'
assembling startup_stm32f40_41xxx.s...
compiling system_stm32f4xx.c...
compiling stm32f4xx_cryp.c...
compiling stm32f4xx_cryp_des.c...
compiling stm32f4xx_dac.c...
compiling stm32f4xx_can.c...
compiling stm32f4xx_dbgmcu.c...
compiling stm32f4xx_crc.c...
compiling misc.c...
compiling stm32f4xx_cryp_tdes.c...
compiling stm32f4xx_dcmi.c...
compiling stm32f4xx_adc.c...
compiling stm32f4xx_cryp_aes.c...
compiling stm32f4xx_dma.c...
compiling main.c...
compiling stm32f4xx_exti.c...
compiling stm32f4xx_dma2d.c...
compiling stm32f4xx_flash.c...
compiling stm32f4xx_fsmc.c...
compiling stm32f4xx_gpio.c...
compiling stm32f4xx_hash.c...
compiling stm32f4xx_hash_md5.c...
compiling stm32f4xx_hash_sha1.c...
compiling stm32f4xx_iwdg.c...
compiling stm32f4xx_i2c.c...
compiling stm32f4xx_rng.c...
compiling stm32f4xx_pwr.c...
compiling stm32f4xx_ltdc.c...
compiling stm32f4xx_rcc.c...
compiling stm32f4xx_sai.c...
compiling stm32f4xx_sdio.c...
compiling stm32f4xx_rtc.c...
compiling stm32f4xx_spi.c...
compiling stm32f4xx_syscfg.c...
compiling stm32f4xx_wwdg.c...
compiling stm32f4xx_tim.c...
compiling stm32f4xx_usart.c...
compiling RUN_Delay.c...
compiling RUN_GPIO.c...
compiling RUN_UART.c...
compiling RUN_Timer.c...
compiling RUN_ISR.c...
compiling RUN_PWM.c...
compiling BasicMathFunctionsF16.c...
compiling BayesFunctions.c...
compiling RUN_Exti.c...
compiling BayesFunctionsF16.c...
compiling RUN_ADC.c...
compiling BasicMathFunctions.c...
compiling CommonTablesF16.c...
compiling RUN_SoftI2C.c...
compiling RUN_DAC.c...
compiling ADC_DMA.c...
compiling ComplexMathFunctionsF16.c...
compiling ComplexMathFunctions.c...
compiling DistanceFunctionsF16.c...
compiling ControllerFunctions.c...
compiling FastMathFunctionsF16.c...
compiling FilteringFunctionsF16.c...
compiling FastMathFunctions.c...
compiling InterpolationFunctionsF16.c...
compiling DistanceFunctions.c...
compiling InterpolationFunctions.c...
compiling MatrixFunctionsF16.c...
compiling SVMFunctions.c...
compiling SVMFunctionsF16.c...
compiling QuaternionMathFunctions.c...
compiling StatisticsFunctionsF16.c...
compiling CommonTables.c...
compiling SupportFunctionsF16.c...
compiling TransformFunctionsF16.c...
compiling SupportFunctions.c...
compiling StatisticsFunctions.c...
compiling MatrixFunctions.c...
compiling TransformFunctions.c...
D:/UV4/ARM/PACK/ARM/CMSIS-DSP/1.15.0/Source/TransformFunctions/arm_rfft_fast_init_f32.c(311): warning:  #111-D: statement is unreachable
      break;
D:/UV4/ARM/PACK/ARM/CMSIS-DSP/1.15.0/Source/TransformFunctions/arm_rfft_fast_init_f64.c(315): warning:  #111-D: statement is unreachable
      break;
D:/UV4/ARM/PACK/ARM/CMSIS-DSP/1.15.0/Source/TransformFunctions/TransformFunctions.c: 2 warnings, 0 errors
compiling FilteringFunctions.c...
linking...
Program Size: Code=9640 RO-data=14608 RW-data=52 ZI-data=18076  
FromELF: creating hex file...
".\Obj\RTC.axf" - 0 Error(s), 2 Warning(s).

<h2>Software Packages used:</h2>

Package Vendor: ARM
                http://www.keil.com/pack/ARM.CMSIS.5.9.0.pack
                ARM::CMSIS@5.9.0
                CMSIS (Common Microcontroller Software Interface Standard)
   * Component: CORE Version: 5.6.0

Package Vendor: ARM
                https://www.keil.com/pack/ARM.CMSIS-DSP.1.15.0.pack
                ARM::CMSIS-DSP@1.15.0
                CMSIS Embedded Compute Library
   * Component: DSP Variant: Source Version: 1.15.0

Package Vendor: Keil
                https://www.keil.com/pack/Keil.STM32F4xx_DFP.3.1.0.pack
                Keil::STM32F4xx_DFP@3.1.0
                STMicroelectronics STM32F4 Series Device Support

<h2>Collection of Component include folders:</h2>
  ./RTE/_test
  D:/UV4/ARM/PACK/ARM/CMSIS-DSP/1.15.0/Include
  D:/UV4/ARM/PACK/ARM/CMSIS-DSP/1.15.0/PrivateInclude
  D:/UV4/ARM/PACK/ARM/CMSIS/5.9.0/CMSIS/Core/Include

<h2>Collection of Component Files used:</h2>

   * Component: ARM::CMSIS:CORE@5.6.0

   * Component: ARM::CMSIS:DSP&Source@1.15.0
      Source file:   Source/CommonTables/CommonTables.c
      Include file:  Include/arm_math.h
      Source file:   Source/QuaternionMathFunctions/QuaternionMathFunctions.c
      Source file:   Source/ControllerFunctions/ControllerFunctions.c
      Source file:   Source/DistanceFunctions/DistanceFunctions.c
      Source file:   Source/MatrixFunctions/MatrixFunctions.c
      Source file:   Source/SupportFunctions/SupportFunctions.c
      Include file:  Include/arm_common_tables_f16.h
      Include file:  Include/arm_const_structs.h
      Source file:   Source/InterpolationFunctions/InterpolationFunctions.c
      Source file:   Source/BasicMathFunctions/BasicMathFunctions.c
      Source file:   Source/FastMathFunctions/FastMathFunctions.c
      Source file:   Source/SVMFunctions/SVMFunctions.c
      Source file:   Source/BayesFunctions/BayesFunctions.c
      Source file:   Source/ComplexMathFunctions/ComplexMathFunctions.c
      Source file:   Source/FilteringFunctions/FilteringFunctions.c
      Source file:   Source/TransformFunctions/TransformFunctions.c
      Source file:   Source/ComplexMathFunctions/ComplexMathFunctionsF16.c
      Source file:   Source/FilteringFunctions/FilteringFunctionsF16.c
      Source file:   Source/CommonTables/CommonTablesF16.c
      Source file:   Source/TransformFunctions/TransformFunctionsF16.c
      Source file:   Source/MatrixFunctions/MatrixFunctionsF16.c
      Include file:  Include/arm_math_f16.h
      Include file:  Include/arm_const_structs_f16.h
      Source file:   Source/StatisticsFunctions/StatisticsFunctions.c
      Source file:   Source/BasicMathFunctions/BasicMathFunctionsF16.c
      Include file:  Include/arm_common_tables.h
      Source file:   Source/SVMFunctions/SVMFunctionsF16.c
      Source file:   Source/FastMathFunctions/FastMathFunctionsF16.c
      Source file:   Source/BayesFunctions/BayesFunctionsF16.c
      Source file:   Source/InterpolationFunctions/InterpolationFunctionsF16.c
      Source file:   Source/DistanceFunctions/DistanceFunctionsF16.c
      Source file:   Source/SupportFunctions/SupportFunctionsF16.c
      Source file:   Source/StatisticsFunctions/StatisticsFunctionsF16.c
Build Time Elapsed:  00:00:05
</pre>
</body>
</html>
