Component: ARM Compiler 5.06 update 5 (build 528) Tool: armlink [4d35e2]

==============================================================================

Section Cross References

    startup_stm32f40_41xxx.o(RESET) refers to startup_stm32f40_41xxx.o(STACK) for __initial_sp
    startup_stm32f40_41xxx.o(RESET) refers to startup_stm32f40_41xxx.o(.text) for Reset_Handler
    startup_stm32f40_41xxx.o(RESET) refers to run_exti.o(i.EXTI0_IRQHandler) for EXTI0_IRQHandler
    startup_stm32f40_41xxx.o(RESET) refers to run_exti.o(i.EXTI1_IRQHandler) for EXTI1_IRQHandler
    startup_stm32f40_41xxx.o(RESET) refers to run_exti.o(i.EXTI2_IRQHandler) for EXTI2_IRQHandler
    startup_stm32f40_41xxx.o(RESET) refers to run_exti.o(i.EXTI3_IRQHandler) for EXTI3_IRQHandler
    startup_stm32f40_41xxx.o(RESET) refers to run_exti.o(i.EXTI4_IRQHandler) for EXTI4_IRQHandler
    startup_stm32f40_41xxx.o(RESET) refers to run_exti.o(i.EXTI9_5_IRQHandler) for EXTI9_5_IRQHandler
    startup_stm32f40_41xxx.o(RESET) refers to run_isr.o(i.TIM1_BRK_TIM9_IRQHandler) for TIM1_BRK_TIM9_IRQHandler
    startup_stm32f40_41xxx.o(RESET) refers to run_isr.o(i.TIM1_UP_TIM10_IRQHandler) for TIM1_UP_TIM10_IRQHandler
    startup_stm32f40_41xxx.o(RESET) refers to run_isr.o(i.TIM1_TRG_COM_TIM11_IRQHandler) for TIM1_TRG_COM_TIM11_IRQHandler
    startup_stm32f40_41xxx.o(RESET) refers to run_isr.o(i.TIM2_IRQHandler) for TIM2_IRQHandler
    startup_stm32f40_41xxx.o(RESET) refers to run_isr.o(i.TIM3_IRQHandler) for TIM3_IRQHandler
    startup_stm32f40_41xxx.o(RESET) refers to run_isr.o(i.TIM4_IRQHandler) for TIM4_IRQHandler
    startup_stm32f40_41xxx.o(RESET) refers to run_isr.o(i.USART1_IRQHandler) for USART1_IRQHandler
    startup_stm32f40_41xxx.o(RESET) refers to run_isr.o(i.USART2_IRQHandler) for USART2_IRQHandler
    startup_stm32f40_41xxx.o(RESET) refers to run_isr.o(i.USART3_IRQHandler) for USART3_IRQHandler
    startup_stm32f40_41xxx.o(RESET) refers to run_exti.o(i.EXTI15_10_IRQHandler) for EXTI15_10_IRQHandler
    startup_stm32f40_41xxx.o(RESET) refers to run_isr.o(i.TIM8_BRK_TIM12_IRQHandler) for TIM8_BRK_TIM12_IRQHandler
    startup_stm32f40_41xxx.o(RESET) refers to run_isr.o(i.TIM8_UP_TIM13_IRQHandler) for TIM8_UP_TIM13_IRQHandler
    startup_stm32f40_41xxx.o(RESET) refers to run_isr.o(i.TIM8_TRG_COM_TIM14_IRQHandler) for TIM8_TRG_COM_TIM14_IRQHandler
    startup_stm32f40_41xxx.o(RESET) refers to run_isr.o(i.TIM5_IRQHandler) for TIM5_IRQHandler
    startup_stm32f40_41xxx.o(RESET) refers to run_isr.o(i.UART4_IRQHandler) for UART4_IRQHandler
    startup_stm32f40_41xxx.o(RESET) refers to run_isr.o(i.UART5_IRQHandler) for UART5_IRQHandler
    startup_stm32f40_41xxx.o(RESET) refers to run_isr.o(i.TIM6_DAC_IRQHandler) for TIM6_DAC_IRQHandler
    startup_stm32f40_41xxx.o(RESET) refers to run_isr.o(i.TIM7_IRQHandler) for TIM7_IRQHandler
    startup_stm32f40_41xxx.o(RESET) refers to adc_dma.o(i.DMA2_Stream0_IRQHandler) for DMA2_Stream0_IRQHandler
    startup_stm32f40_41xxx.o(RESET) refers to run_isr.o(i.USART6_IRQHandler) for USART6_IRQHandler
    startup_stm32f40_41xxx.o(.text) refers to system_stm32f4xx.o(i.SystemInit) for SystemInit
    startup_stm32f40_41xxx.o(.text) refers to entry.o(.ARM.Collect$$$$00000000) for __main
    system_stm32f4xx.o(i.SystemCoreClockUpdate) refers to system_stm32f4xx.o(.data) for .data
    system_stm32f4xx.o(i.SystemInit) refers to system_stm32f4xx.o(i.SetSysClock) for SetSysClock
    main.o(i.TIM4_Callback) refers to run_gpio.o(i.RUN_gpio_toggle) for RUN_gpio_toggle
    main.o(i.main) refers to run_delay.o(i.RUN_delay_init) for RUN_delay_init
    main.o(i.main) refers to run_gpio.o(i.RUN_gpio_init) for RUN_gpio_init
    main.o(i.main) refers to run_uart.o(i.RUN_uart_init) for RUN_uart_init
    main.o(i.main) refers to adc_dma.o(i.Audio_ADC_DMA_Init) for Audio_ADC_DMA_Init
    main.o(i.main) refers to run_timer.o(i.RUN_timer_init) for RUN_timer_init
    main.o(i.main) refers to run_uart.o(i.RUN_uart_putstr) for RUN_uart_putstr
    main.o(i.main) refers to transformfunctions.o(i.arm_cfft_f32) for arm_cfft_f32
    main.o(i.main) refers to complexmathfunctions.o(i.arm_cmplx_mag_f32) for arm_cmplx_mag_f32
    main.o(i.main) refers to printf1.o(i.__0printf$1) for __2printf
    main.o(i.main) refers to run_delay.o(i.RUN_delay_ms) for RUN_delay_ms
    main.o(i.main) refers to run_isr.o(.data) for UART1_RxFlag
    main.o(i.main) refers to adc_dma.o(.data) for FFT_Ready_Flag
    main.o(i.main) refers to run_isr.o(.bss) for UART1_RxPacket
    main.o(i.main) refers to main.o(.bss) for .bss
    main.o(i.main) refers to commontables.o(.constdata) for arm_cfft_sR_f32_len1024
    stm32f4xx_adc.o(i.ADC_DeInit) refers to stm32f4xx_rcc.o(i.RCC_APB2PeriphResetCmd) for RCC_APB2PeriphResetCmd
    stm32f4xx_can.o(i.CAN_DeInit) refers to stm32f4xx_rcc.o(i.RCC_APB1PeriphResetCmd) for RCC_APB1PeriphResetCmd
    stm32f4xx_can.o(i.CAN_GetITStatus) refers to stm32f4xx_can.o(i.CheckITStatus) for CheckITStatus
[...]
    ../clib/microlib/printf/printf.c         0x00000000   Number         0  printfa.o ABSOLUTE
    ../clib/microlib/printf/printf.c         0x00000000   Number         0  printf8.o ABSOLUTE
    ../clib/microlib/printf/printf.c         0x00000000   Number         0  printf0.o ABSOLUTE
    ../clib/microlib/printf/printf.c         0x00000000   Number         0  printf1.o ABSOLUTE
    ../clib/microlib/printf/printf.c         0x00000000   Number         0  printfb.o ABSOLUTE
    ../clib/microlib/printf/printf.c         0x00000000   Number         0  printf7.o ABSOLUTE
    ../clib/microlib/printf/printf.c         0x00000000   Number         0  printf6.o ABSOLUTE
    ../clib/microlib/printf/printf.c         0x00000000   Number         0  printf5.o ABSOLUTE
    ../clib/microlib/printf/printf.c         0x00000000   Number         0  printf4.o ABSOLUTE
    ../clib/microlib/printf/printf.c         0x00000000   Number         0  printf3.o ABSOLUTE
    ../clib/microlib/printf/printf.c         0x00000000   Number         0  printf2.o ABSOLUTE
    ../clib/microlib/printf/stubs.s          0x00000000   Number         0  stubs.o ABSOLUTE
    ../clib/microlib/string/memcpy.c         0x00000000   Number         0  memcpyb.o ABSOLUTE
    ../clib/microlib/string/memcpy.c         0x00000000   Number         0  memcpya.o ABSOLUTE
    ../clib/microlib/string/memset.c         0x00000000   Number         0  memseta.o ABSOLUTE
    ../clib/microlib/stubs.s                 0x00000000   Number         0  useno.o ABSOLUTE
    ../clib/microlib/stubs.s                 0x00000000   Number         0  iusefp.o ABSOLUTE
    ../fplib/microlib/d2f.c                  0x00000000   Number         0  d2f.o ABSOLUTE
    ../fplib/microlib/f2d.c                  0x00000000   Number         0  f2d.o ABSOLUTE
    ../fplib/microlib/fpadd.c                0x00000000   Number         0  dadd.o ABSOLUTE
    ../fplib/microlib/fpdiv.c                0x00000000   Number         0  ddiv.o ABSOLUTE
    ../fplib/microlib/fpepilogue.c           0x00000000   Number         0  fepilogue.o ABSOLUTE
    ../fplib/microlib/fpepilogue.c           0x00000000   Number         0  depilogue.o ABSOLUTE
    ../fplib/microlib/fpfix.c                0x00000000   Number         0  dfixi.o ABSOLUTE
    ../fplib/microlib/fpfix.c                0x00000000   Number         0  ffixl.o ABSOLUTE
    ../fplib/microlib/fpfix.c                0x00000000   Number         0  dfixul.o ABSOLUTE
    ../fplib/microlib/fpfix.c                0x00000000   Number         0  dfixui.o ABSOLUTE
    ../fplib/microlib/fpfix.c                0x00000000   Number         0  dfixl.o ABSOLUTE
    ../fplib/microlib/fpflt.c                0x00000000   Number         0  dflti.o ABSOLUTE
    ../fplib/microlib/fpflt.c                0x00000000   Number         0  dfltui.o ABSOLUTE
    ../fplib/microlib/fpmul.c                0x00000000   Number         0  dmul.o ABSOLUTE
    ../fplib/microlib/fpneg.c                0x00000000   Number         0  dneg.o ABSOLUTE
    ../fplib/microlib/fpsqrt.c               0x00000000   Number         0  dsqrt.o ABSOLUTE
    ../fplib/microlib/fpstat.c               0x00000000   Number         0  fpstat.o ABSOLUTE
    ../mathlib/dunder.c                      0x00000000   Number         0  dunder.o ABSOLUTE
    ../mathlib/exp.c                         0x00000000   Number         0  exp_x.o ABSOLUTE
    ../mathlib/exp.c                         0x00000000   Number         0  exp.o ABSOLUTE
    ../mathlib/expf.c                        0x00000000   Number         0  expf_x.o ABSOLUTE
    ../mathlib/expf.c                        0x00000000   Number         0  expf.o ABSOLUTE
    ../mathlib/fabs.c                        0x00000000   Number         0  fabs.o ABSOLUTE
    ../mathlib/fpclassify.c                  0x00000000   Number         0  fpclassify.o ABSOLUTE
    ../mathlib/fpclassifyf.c                 0x00000000   Number         0  fpclassifyf.o ABSOLUTE
    ../mathlib/funder.c                      0x00000000   Number         0  funder.o ABSOLUTE
    ../mathlib/log.c                         0x00000000   Number         0  log_x.o ABSOLUTE
    ../mathlib/log.c                         0x00000000   Number         0  log.o ABSOLUTE
    ../mathlib/logf.c                        0x00000000   Number         0  logf.o ABSOLUTE
    ../mathlib/logf.c                        0x00000000   Number         0  logf_x.o ABSOLUTE
    ../mathlib/poly.c                        0x00000000   Number         0  poly.o ABSOLUTE
    ../mathlib/powf.c                        0x00000000   Number         0  powf.o ABSOLUTE
    ../mathlib/powf.c                        0x00000000   Number         0  powf_x.o ABSOLUTE
    ../mathlib/qnan.c                        0x00000000   Number         0  qnan.o ABSOLUTE
    ../mathlib/sqrt.c                        0x00000000   Number         0  sqrt_x.o ABSOLUTE
    ../mathlib/sqrt.c                        0x00000000   Number         0  sqrt.o ABSOLUTE
    ../mathlib/sqrtf.c                       0x00000000   Number         0  sqrtf_x.o ABSOLUTE
    ../mathlib/sqrtf.c                       0x00000000   Number         0  sqrtf.o ABSOLUTE
    ../mathlib/tanhf.c                       0x00000000   Number         0  tanhf.o ABSOLUTE
    ../mathlib/tanhf.c                       0x00000000   Number         0  tanhf_x.o ABSOLUTE
    ..\App\main.c                            0x00000000   Number         0  main.o ABSOLUTE
    ..\Code\ADC_DMA.c                        0x00000000   Number         0  adc_dma.o ABSOLUTE
    ..\Library_RUN\RUN_ADC.c                 0x00000000   Number         0  run_adc.o ABSOLUTE
    ..\Library_RUN\RUN_DAC.c                 0x00000000   Number         0  run_dac.o ABSOLUTE
    ..\Library_RUN\RUN_Delay.c               0x00000000   Number         0  run_delay.o ABSOLUTE
    ..\Library_RUN\RUN_Exti.c                0x00000000   Number         0  run_exti.o ABSOLUTE
    ..\Library_RUN\RUN_GPIO.c                0x00000000   Number         0  run_gpio.o ABSOLUTE
    ..\Library_RUN\RUN_ISR.c                 0x00000000   Number         0  run_isr.o ABSOLUTE
    ..\Library_RUN\RUN_PWM.c                 0x00000000   Number         0  run_pwm.o ABSOLUTE
    ..\Library_RUN\RUN_SoftI2C.c             0x00000000   Number         0  run_softi2c.o ABSOLUTE
    ..\Library_RUN\RUN_Timer.c               0x00000000   Number         0  run_timer.o ABSOLUTE
    ..\Library_RUN\RUN_UART.c                0x00000000   Number         0  run_uart.o ABSOLUTE
    ..\STM32F40X_Lib\src\misc.c              0x00000000   Number         0  misc.o ABSOLUTE
    ..\STM32F40X_Lib\src\stm32f4xx_adc.c     0x00000000   Number         0  stm32f4xx_adc.o ABSOLUTE
    ..\STM32F40X_Lib\src\stm32f4xx_can.c     0x00000000   Number         0  stm32f4xx_can.o ABSOLUTE
    ..\STM32F40X_Lib\src\stm32f4xx_crc.c     0x00000000   Number         0  stm32f4xx_crc.o ABSOLUTE
    ..\STM32F40X_Lib\src\stm32f4xx_cryp.c    0x00000000   Number         0  stm32f4xx_cryp.o ABSOLUTE
    ..\STM32F40X_Lib\src\stm32f4xx_cryp_aes.c 0x00000000   Number         0  stm32f4xx_cryp_aes.o ABSOLUTE
    ..\STM32F40X_Lib\src\stm32f4xx_cryp_des.c 0x00000000   Number         0  stm32f4xx_cryp_des.o ABSOLUTE
    ..\STM32F40X_Lib\src\stm32f4xx_cryp_tdes.c 0x00000000   Number         0  stm32f4xx_cryp_tdes.o ABSOLUTE
    ..\STM32F40X_Lib\src\stm32f4xx_dac.c     0x00000000   Number         0  stm32f4xx_dac.o ABSOLUTE
    ..\STM32F40X_Lib\src\stm32f4xx_dbgmcu.c  0x00000000   Number         0  stm32f4xx_dbgmcu.o ABSOLUTE
    ..\STM32F40X_Lib\src\stm32f4xx_dcmi.c    0x00000000   Number         0  stm32f4xx_dcmi.o ABSOLUTE
    ..\STM32F40X_Lib\src\stm32f4xx_dma.c     0x00000000   Number         0  stm32f4xx_dma.o ABSOLUTE
    ..\STM32F40X_Lib\src\stm32f4xx_dma2d.c   0x00000000   Number         0  stm32f4xx_dma2d.o ABSOLUTE
    ..\STM32F40X_Lib\src\stm32f4xx_exti.c    0x00000000   Number         0  stm32f4xx_exti.o ABSOLUTE
    ..\STM32F40X_Lib\src\stm32f4xx_flash.c   0x00000000   Number         0  stm32f4xx_flash.o ABSOLUTE
    ..\STM32F40X_Lib\src\stm32f4xx_fsmc.c    0x00000000   Number         0  stm32f4xx_fsmc.o ABSOLUTE
    ..\STM32F40X_Lib\src\stm32f4xx_gpio.c    0x00000000   Number         0  stm32f4xx_gpio.o ABSOLUTE
    ..\STM32F40X_Lib\src\stm32f4xx_hash.c    0x00000000   Number         0  stm32f4xx_hash.o ABSOLUTE
    ..\STM32F40X_Lib\src\stm32f4xx_hash_md5.c 0x00000000   Number         0  stm32f4xx_hash_md5.o ABSOLUTE
    ..\STM32F40X_Lib\src\stm32f4xx_hash_sha1.c 0x00000000   Number         0  stm32f4xx_hash_sha1.o ABSOLUTE
    ..\STM32F40X_Lib\src\stm32f4xx_i2c.c     0x00000000   Number         0  stm32f4xx_i2c.o ABSOLUTE
    ..\STM32F40X_Lib\src\stm32f4xx_iwdg.c    0x00000000   Number         0  stm32f4xx_iwdg.o ABSOLUTE
    ..\STM32F40X_Lib\src\stm32f4xx_ltdc.c    0x00000000   Number         0  stm32f4xx_ltdc.o ABSOLUTE
    ..\STM32F40X_Lib\src\stm32f4xx_pwr.c     0x00000000   Number         0  stm32f4xx_pwr.o ABSOLUTE
    ..\STM32F40X_Lib\src\stm32f4xx_rcc.c     0x00000000   Number         0  stm32f4xx_rcc.o ABSOLUTE
    ..\STM32F40X_Lib\src\stm32f4xx_rng.c     0x00000000   Number         0  stm32f4xx_rng.o ABSOLUTE
    ..\STM32F40X_Lib\src\stm32f4xx_rtc.c     0x00000000   Number         0  stm32f4xx_rtc.o ABSOLUTE
    ..\STM32F40X_Lib\src\stm32f4xx_sai.c     0x00000000   Number         0  stm32f4xx_sai.o ABSOLUTE
    ..\STM32F40X_Lib\src\stm32f4xx_sdio.c    0x00000000   Number         0  stm32f4xx_sdio.o ABSOLUTE
    ..\STM32F40X_Lib\src\stm32f4xx_spi.c     0x00000000   Number         0  stm32f4xx_spi.o ABSOLUTE
    ..\STM32F40X_Lib\src\stm32f4xx_syscfg.c  0x00000000   Number         0  stm32f4xx_syscfg.o ABSOLUTE
    ..\STM32F40X_Lib\src\stm32f4xx_tim.c     0x00000000   Number         0  stm32f4xx_tim.o ABSOLUTE
    ..\STM32F40X_Lib\src\stm32f4xx_usart.c   0x00000000   Number         0  stm32f4xx_usart.o ABSOLUTE
    ..\STM32F40X_Lib\src\stm32f4xx_wwdg.c    0x00000000   Number         0  stm32f4xx_wwdg.o ABSOLUTE
    ..\StartUp\startup_stm32f40_41xxx.s      0x00000000   Number         0  startup_stm32f40_41xxx.o ABSOLUTE
    ..\StartUp\system_stm32f4xx.c            0x00000000   Number         0  system_stm32f4xx.o ABSOLUTE
    ..\\App\\main.c                          0x00000000   Number         0  main.o ABSOLUTE
    ..\\Code\\ADC_DMA.c                      0x00000000   Number         0  adc_dma.o ABSOLUTE
    ..\\Library_RUN\\RUN_ADC.c               0x00000000   Number         0  run_adc.o ABSOLUTE
    ..\\Library_RUN\\RUN_DAC.c               0x00000000   Number         0  run_dac.o ABSOLUTE
    ..\\Library_RUN\\RUN_Delay.c             0x00000000   Number         0  run_delay.o ABSOLUTE
    ..\\Library_RUN\\RUN_Exti.c              0x00000000   Number         0  run_exti.o ABSOLUTE
    ..\\Library_RUN\\RUN_GPIO.c              0x00000000   Number         0  run_gpio.o ABSOLUTE
    ..\\Library_RUN\\RUN_ISR.c               0x00000000   Number         0  run_isr.o ABSOLUTE
    ..\\Library_RUN\\RUN_PWM.c               0x00000000   Number         0  run_pwm.o ABSOLUTE
    ..\\Library_RUN\\RUN_SoftI2C.c           0x00000000   Number         0  run_softi2c.o ABSOLUTE
    ..\\Library_RUN\\RUN_Timer.c             0x00000000   Number         0  run_timer.o ABSOLUTE
    ..\\Library_RUN\\RUN_UART.c              0x00000000   Number         0  run_uart.o ABSOLUTE
    ..\\STM32F40X_Lib\\src\\misc.c           0x00000000   Number         0  misc.o ABSOLUTE
    ..\\STM32F40X_Lib\\src\\stm32f4xx_adc.c  0x00000000   Number         0  stm32f4xx_adc.o ABSOLUTE
    ..\\STM32F40X_Lib\\src\\stm32f4xx_can.c  0x00000000   Number         0  stm32f4xx_can.o ABSOLUTE
    ..\\STM32F40X_Lib\\src\\stm32f4xx_crc.c  0x00000000   Number         0  stm32f4xx_crc.o ABSOLUTE
    ..\\STM32F40X_Lib\\src\\stm32f4xx_cryp.c 0x00000000   Number         0  stm32f4xx_cryp.o ABSOLUTE
    ..\\STM32F40X_Lib\\src\\stm32f4xx_cryp_aes.c 0x00000000   Number         0  stm32f4xx_cryp_aes.o ABSOLUTE
    ..\\STM32F40X_Lib\\src\\stm32f4xx_cryp_des.c 0x00000000   Number         0  stm32f4xx_cryp_des.o ABSOLUTE
    ..\\STM32F40X_Lib\\src\\stm32f4xx_cryp_tdes.c 0x00000000   Number         0  stm32f4xx_cryp_tdes.o ABSOLUTE
    ..\\STM32F40X_Lib\\src\\stm32f4xx_dac.c  0x00000000   Number         0  stm32f4xx_dac.o ABSOLUTE
    ..\\STM32F40X_Lib\\src\\stm32f4xx_dbgmcu.c 0x00000000   Number         0  stm32f4xx_dbgmcu.o ABSOLUTE
    ..\\STM32F40X_Lib\\src\\stm32f4xx_dcmi.c 0x00000000   Number         0  stm32f4xx_dcmi.o ABSOLUTE
    ..\\STM32F40X_Lib\\src\\stm32f4xx_dma.c  0x00000000   Number         0  stm32f4xx_dma.o ABSOLUTE
    ..\\STM32F40X_Lib\\src\\stm32f4xx_dma2d.c 0x00000000   Number         0  stm32f4xx_dma2d.o ABSOLUTE
    ..\\STM32F40X_Lib\\src\\stm32f4xx_exti.c 0x00000000   Number         0  stm32f4xx_exti.o ABSOLUTE
    ..\\STM32F40X_Lib\\src\\stm32f4xx_flash.c 0x00000000   Number         0  stm32f4xx_flash.o ABSOLUTE
    ..\\STM32F40X_Lib\\src\\stm32f4xx_fsmc.c 0x00000000   Number         0  stm32f4xx_fsmc.o ABSOLUTE
    ..\\STM32F40X_Lib\\src\\stm32f4xx_gpio.c 0x00000000   Number         0  stm32f4xx_gpio.o ABSOLUTE
    ..\\STM32F40X_Lib\\src\\stm32f4xx_hash.c 0x00000000   Number         0  stm32f4xx_hash.o ABSOLUTE
    ..\\STM32F40X_Lib\\src\\stm32f4xx_hash_md5.c 0x00000000   Number         0  stm32f4xx_hash_md5.o ABSOLUTE
    ..\\STM32F40X_Lib\\src\\stm32f4xx_hash_sha1.c 0x00000000   Number         0  stm32f4xx_hash_sha1.o ABSOLUTE
    ..\\STM32F40X_Lib\\src\\stm32f4xx_i2c.c  0x00000000   Number         0  stm32f4xx_i2c.o ABSOLUTE
    ..\\STM32F40X_Lib\\src\\stm32f4xx_iwdg.c 0x00000000   Number         0  stm32f4xx_iwdg.o ABSOLUTE
    ..\\STM32F40X_Lib\\src\\stm32f4xx_ltdc.c 0x00000000   Number         0  stm32f4xx_ltdc.o ABSOLUTE
    ..\\STM32F40X_Lib\\src\\stm32f4xx_pwr.c  0x00000000   Number         0  stm32f4xx_pwr.o ABSOLUTE
    ..\\STM32F40X_Lib\\src\\stm32f4xx_rcc.c  0x00000000   Number         0  stm32f4xx_rcc.o ABSOLUTE
    ..\\STM32F40X_Lib\\src\\stm32f4xx_rng.c  0x00000000   Number         0  stm32f4xx_rng.o ABSOLUTE
    ..\\STM32F40X_Lib\\src\\stm32f4xx_rtc.c  0x00000000   Number         0  stm32f4xx_rtc.o ABSOLUTE
    ..\\STM32F40X_Lib\\src\\stm32f4xx_sai.c  0x00000000   Number         0  stm32f4xx_sai.o ABSOLUTE
    ..\\STM32F40X_Lib\\src\\stm32f4xx_sdio.c 0x00000000   Number         0  stm32f4xx_sdio.o ABSOLUTE
    ..\\STM32F40X_Lib\\src\\stm32f4xx_spi.c  0x00000000   Number         0  stm32f4xx_spi.o ABSOLUTE
    ..\\STM32F40X_Lib\\src\\stm32f4xx_syscfg.c 0x00000000   Number         0  stm32f4xx_syscfg.o ABSOLUTE
    ..\\STM32F40X_Lib\\src\\stm32f4xx_tim.c  0x00000000   Number         0  stm32f4xx_tim.o ABSOLUTE
    ..\\STM32F40X_Lib\\src\\stm32f4xx_usart.c 0x00000000   Number         0  stm32f4xx_usart.o ABSOLUTE
    ..\\STM32F40X_Lib\\src\\stm32f4xx_wwdg.c 0x00000000   Number         0  stm32f4xx_wwdg.o ABSOLUTE
    ..\\StartUp\\system_stm32f4xx.c          0x00000000   Number         0  system_stm32f4xx.o ABSOLUTE
    D:/UV4/ARM/PACK/ARM/CMSIS-DSP/1.15.0/Source/BasicMathFunctions/BasicMathFunctions.c 0x00000000   Number         0  basicmathfunctions.o ABSOLUTE
    D:/UV4/ARM/PACK/ARM/CMSIS-DSP/1.15.0/Source/BasicMathFunctions/BasicMathFunctionsF16.c 0x00000000   Number         0  basicmathfunctionsf16.o ABSOLUTE
    D:/UV4/ARM/PACK/ARM/CMSIS-DSP/1.15.0/Source/BayesFunctions/BayesFunctions.c 0x00000000   Number         0  bayesfunctions.o ABSOLUTE
    D:/UV4/ARM/PACK/ARM/CMSIS-DSP/1.15.0/Source/BayesFunctions/BayesFunctionsF16.c 0x00000000   Number         0  bayesfunctionsf16.o ABSOLUTE
    D:/UV4/ARM/PACK/ARM/CMSIS-DSP/1.15.0/Source/CommonTables/CommonTables.c 0x00000000   Number         0  commontables.o ABSOLUTE
    D:/UV4/ARM/PACK/ARM/CMSIS-DSP/1.15.0/Source/CommonTables/CommonTablesF16.c 0x00000000   Number         0  commontablesf16.o ABSOLUTE
    D:/UV4/ARM/PACK/ARM/CMSIS-DSP/1.15.0/Source/ComplexMathFunctions/ComplexMathFunctions.c 0x00000000   Number         0  complexmathfunctions.o ABSOLUTE
    D:/UV4/ARM/PACK/ARM/CMSIS-DSP/1.15.0/Source/ComplexMathFunctions/ComplexMathFunctionsF16.c 0x00000000   Number         0  complexmathfunctionsf16.o ABSOLUTE
    D:/UV4/ARM/PACK/ARM/CMSIS-DSP/1.15.0/Source/ControllerFunctions/ControllerFunctions.c 0x00000000   Number         0  controllerfunctions.o ABSOLUTE
    D:/UV4/ARM/PACK/ARM/CMSIS-DSP/1.15.0/Source/DistanceFunctions/DistanceFunctions.c 0x00000000   Number         0  distancefunctions.o ABSOLUTE
    D:/UV4/ARM/PACK/ARM/CMSIS-DSP/1.15.0/Source/DistanceFunctions/DistanceFunctionsF16.c 0x00000000   Number         0  distancefunctionsf16.o ABSOLUTE
    D:/UV4/ARM/PACK/ARM/CMSIS-DSP/1.15.0/Source/FastMathFunctions/FastMathFunctions.c 0x00000000   Number         0  fastmathfunctions.o ABSOLUTE
    D:/UV4/ARM/PACK/ARM/CMSIS-DSP/1.15.0/Source/FastMathFunctions/FastMathFunctionsF16.c 0x00000000   Number         0  fastmathfunctionsf16.o ABSOLUTE
    D:/UV4/ARM/PACK/ARM/CMSIS-DSP/1.15.0/Source/FilteringFunctions/FilteringFunctions.c 0x00000000   Number         0  filteringfunctions.o ABSOLUTE
    D:/UV4/ARM/PACK/ARM/CMSIS-DSP/1.15.0/Source/FilteringFunctions/FilteringFunctionsF16.c 0x00000000   Number         0  filteringfunctionsf16.o ABSOLUTE
    D:/UV4/ARM/PACK/ARM/CMSIS-DSP/1.15.0/Source/InterpolationFunctions/InterpolationFunctions.c 0x00000000   Number         0  interpolationfunctions.o ABSOLUTE
    D:/UV4/ARM/PACK/ARM/CMSIS-DSP/1.15.0/Source/InterpolationFunctions/InterpolationFunctionsF16.c 0x00000000   Number         0  interpolationfunctionsf16.o ABSOLUTE
    D:/UV4/ARM/PACK/ARM/CMSIS-DSP/1.15.0/Source/MatrixFunctions/MatrixFunctions.c 0x00000000   Number         0  matrixfunctions.o ABSOLUTE
    D:/UV4/ARM/PACK/ARM/CMSIS-DSP/1.15.0/Source/MatrixFunctions/MatrixFunctionsF16.c 0x00000000   Number         0  matrixfunctionsf16.o ABSOLUTE
    D:/UV4/ARM/PACK/ARM/CMSIS-DSP/1.15.0/Source/QuaternionMathFunctions/QuaternionMathFunctions.c 0x00000000   Number         0  quaternionmathfunctions.o ABSOLUTE
    D:/UV4/ARM/PACK/ARM/CMSIS-DSP/1.15.0/Source/SVMFunctions/SVMFunctions.c 0x00000000   Number         0  svmfunctions.o ABSOLUTE
    D:/UV4/ARM/PACK/ARM/CMSIS-DSP/1.15.0/Source/SVMFunctions/SVMFunctionsF16.c 0x00000000   Number         0  svmfunctionsf16.o ABSOLUTE
    D:/UV4/ARM/PACK/ARM/CMSIS-DSP/1.15.0/Source/StatisticsFunctions/StatisticsFunctions.c 0x00000000   Number         0  statisticsfunctions.o ABSOLUTE
    D:/UV4/ARM/PACK/ARM/CMSIS-DSP/1.15.0/Source/StatisticsFunctions/StatisticsFunctionsF16.c 0x00000000   Number         0  statisticsfunctionsf16.o ABSOLUTE
    D:/UV4/ARM/PACK/ARM/CMSIS-DSP/1.15.0/Source/SupportFunctions/SupportFunctions.c 0x00000000   Number         0  supportfunctions.o ABSOLUTE
    D:/UV4/ARM/PACK/ARM/CMSIS-DSP/1.15.0/Source/SupportFunctions/SupportFunctionsF16.c 0x00000000   Number         0  supportfunctionsf16.o ABSOLUTE
    D:/UV4/ARM/PACK/ARM/CMSIS-DSP/1.15.0/Source/TransformFunctions/TransformFunctions.c 0x00000000   Number         0  transformfunctions.o ABSOLUTE
    D:/UV4/ARM/PACK/ARM/CMSIS-DSP/1.15.0/Source/TransformFunctions/TransformFunctionsF16.c 0x00000000   Number         0  transformfunctionsf16.o ABSOLUTE
    D:\UV4\ARM\PACK\ARM\CMSIS-DSP\1.15.0\Source\BasicMathFunctions\BasicMathFunctions.c 0x00000000   Number         0  basicmathfunctions.o ABSOLUTE
    D:\UV4\ARM\PACK\ARM\CMSIS-DSP\1.15.0\Source\BasicMathFunctions\BasicMathFunctionsF16.c 0x00000000   Number         0  basicmathfunctionsf16.o ABSOLUTE
    D:\UV4\ARM\PACK\ARM\CMSIS-DSP\1.15.0\Source\BayesFunctions\BayesFunctions.c 0x00000000   Number         0  bayesfunctions.o ABSOLUTE
    D:\UV4\ARM\PACK\ARM\CMSIS-DSP\1.15.0\Source\BayesFunctions\BayesFunctionsF16.c 0x00000000   Number         0  bayesfunctionsf16.o ABSOLUTE
    D:\UV4\ARM\PACK\ARM\CMSIS-DSP\1.15.0\Source\CommonTables\CommonTables.c 0x00000000   Number         0  commontables.o ABSOLUTE
    D:\UV4\ARM\PACK\ARM\CMSIS-DSP\1.15.0\Source\CommonTables\CommonTablesF16.c 0x00000000   Number         0  commontablesf16.o ABSOLUTE
    D:\UV4\ARM\PACK\ARM\CMSIS-DSP\1.15.0\Source\ComplexMathFunctions\ComplexMathFunctions.c 0x00000000   Number         0  complexmathfunctions.o ABSOLUTE
    D:\UV4\ARM\PACK\ARM\CMSIS-DSP\1.15.0\Source\ComplexMathFunctions\ComplexMathFunctionsF16.c 0x00000000   Number         0  complexmathfunctionsf16.o ABSOLUTE
    D:\UV4\ARM\PACK\ARM\CMSIS-DSP\1.15.0\Source\ControllerFunctions\ControllerFunctions.c 0x00000000   Number         0  controllerfunctions.o ABSOLUTE
    D:\UV4\ARM\PACK\ARM\CMSIS-DSP\1.15.0\Source\DistanceFunctions\DistanceFunctions.c 0x00000000   Number         0  distancefunctions.o ABSOLUTE
    D:\UV4\ARM\PACK\ARM\CMSIS-DSP\1.15.0\Source\DistanceFunctions\DistanceFunctionsF16.c 0x00000000   Number         0  distancefunctionsf16.o ABSOLUTE
    D:\UV4\ARM\PACK\ARM\CMSIS-DSP\1.15.0\Source\FastMathFunctions\FastMathFunctions.c 0x00000000   Number         0  fastmathfunctions.o ABSOLUTE
    D:\UV4\ARM\PACK\ARM\CMSIS-DSP\1.15.0\Source\FastMathFunctions\FastMathFunctionsF16.c 0x00000000   Number         0  fastmathfunctionsf16.o ABSOLUTE
    D:\UV4\ARM\PACK\ARM\CMSIS-DSP\1.15.0\Source\FilteringFunctions\FilteringFunctions.c 0x00000000   Number         0  filteringfunctions.o ABSOLUTE
    D:\UV4\ARM\PACK\ARM\CMSIS-DSP\1.15.0\Source\FilteringFunctions\FilteringFunctionsF16.c 0x00000000   Number         0  filteringfunctionsf16.o ABSOLUTE
    D:\UV4\ARM\PACK\ARM\CMSIS-DSP\1.15.0\Source\InterpolationFunctions\InterpolationFunctions.c 0x00000000   Number         0  interpolationfunctions.o ABSOLUTE
    D:\UV4\ARM\PACK\ARM\CMSIS-DSP\1.15.0\Source\InterpolationFunctions\InterpolationFunctionsF16.c 0x00000000   Number         0  interpolationfunctionsf16.o ABSOLUTE
    D:\UV4\ARM\PACK\ARM\CMSIS-DSP\1.15.0\Source\MatrixFunctions\MatrixFunctions.c 0x00000000   Number         0  matrixfunctions.o ABSOLUTE
    D:\UV4\ARM\PACK\ARM\CMSIS-DSP\1.15.0\Source\MatrixFunctions\MatrixFunctionsF16.c 0x00000000   Number         0  matrixfunctionsf16.o ABSOLUTE
    D:\UV4\ARM\PACK\ARM\CMSIS-DSP\1.15.0\Source\QuaternionMathFunctions\QuaternionMathFunctions.c 0x00000000   Number         0  quaternionmathfunctions.o ABSOLUTE
    D:\UV4\ARM\PACK\ARM\CMSIS-DSP\1.15.0\Source\SVMFunctions\SVMFunctions.c 0x00000000   Number         0  svmfunctions.o ABSOLUTE
    D:\UV4\ARM\PACK\ARM\CMSIS-DSP\1.15.0\Source\SVMFunctions\SVMFunctionsF16.c 0x00000000   Number         0  svmfunctionsf16.o ABSOLUTE
    D:\UV4\ARM\PACK\ARM\CMSIS-DSP\1.15.0\Source\StatisticsFunctions\StatisticsFunctions.c 0x00000000   Number         0  statisticsfunctions.o ABSOLUTE
    D:\UV4\ARM\PACK\ARM\CMSIS-DSP\1.15.0\Source\StatisticsFunctions\StatisticsFunctionsF16.c 0x00000000   Number         0  statisticsfunctionsf16.o ABSOLUTE
    D:\UV4\ARM\PACK\ARM\CMSIS-DSP\1.15.0\Source\SupportFunctions\SupportFunctions.c 0x00000000   Number         0  supportfunctions.o ABSOLUTE
    D:\UV4\ARM\PACK\ARM\CMSIS-DSP\1.15.0\Source\SupportFunctions\SupportFunctionsF16.c 0x00000000   Number         0  supportfunctionsf16.o ABSOLUTE
    D:\UV4\ARM\PACK\ARM\CMSIS-DSP\1.15.0\Source\TransformFunctions\TransformFunctions.c 0x00000000   Number         0  transformfunctions.o ABSOLUTE
    D:\UV4\ARM\PACK\ARM\CMSIS-DSP\1.15.0\Source\TransformFunctions\TransformFunctionsF16.c 0x00000000   Number         0  transformfunctionsf16.o ABSOLUTE
    cdcmple.s                                0x00000000   Number         0  cdcmple.o ABSOLUTE
    cdrcmple.s                               0x00000000   Number         0  cdrcmple.o ABSOLUTE
    dc.s                                     0x00000000   Number         0  dc.o ABSOLUTE
    handlers.s                               0x00000000   Number         0  handlers.o ABSOLUTE
    init.s                                   0x00000000   Number         0  init.o ABSOLUTE
    RESET                                    0x08000000   Section      392  startup_stm32f40_41xxx.o(RESET)
    .ARM.Collect$$$$00000000                 0x08000188   Section        0  entry.o(.ARM.Collect$$$$00000000)
    .ARM.Collect$$$$00000001                 0x08000188   Section        4  entry2.o(.ARM.Collect$$$$00000001)
    .ARM.Collect$$$$00000004                 0x0800018c   Section        4  entry5.o(.ARM.Collect$$$$00000004)
    .ARM.Collect$$$$00000008                 0x08000190   Section        0  entry7b.o(.ARM.Collect$$$$00000008)
    .ARM.Collect$$$$0000000A                 0x08000190   Section        0  entry8b.o(.ARM.Collect$$$$0000000A)
    .ARM.Collect$$$$0000000B                 0x08000190   Section        8  entry9a.o(.ARM.Collect$$$$0000000B)
    .ARM.Collect$$$$0000000D                 0x08000198   Section        0  entry10a.o(.ARM.Collect$$$$0000000D)
    .ARM.Collect$$$$0000000F                 0x08000198   Section        0  entry11a.o(.ARM.Collect$$$$0000000F)
    .ARM.Collect$$$$00002712                 0x08000198   Section        4  entry2.o(.ARM.Collect$$$$00002712)
    __lit__00000000                          0x08000198   Data           4  entry2.o(.ARM.Collect$$$$00002712)
    .text                                    0x0800019c   Section       36  startup_stm32f40_41xxx.o(.text)
    $v0                                      0x0800019c   Number         0  startup_stm32f40_41xxx.o(.text)
    .text                                    0x080001c0   Section        0  memseta.o(.text)
    .text                                    0x080001e4   Section        0  uidiv.o(.text)
    .text                                    0x08000210   Section       36  init.o(.text)
    i.ADC_Cmd                                0x08000234   Section        0  stm32f4xx_adc.o(i.ADC_Cmd)
    i.ADC_CommonInit                         0x08000248   Section        0  stm32f4xx_adc.o(i.ADC_CommonInit)
    i.ADC_CommonStructInit                   0x08000274   Section        0  stm32f4xx_adc.o(i.ADC_CommonStructInit)
    i.ADC_DMACmd                             0x08000280   Section        0  stm32f4xx_adc.o(i.ADC_DMACmd)
    i.ADC_DMARequestAfterLastTransferCmd     0x08000294   Section        0  stm32f4xx_adc.o(i.ADC_DMARequestAfterLastTransferCmd)
    i.ADC_DeInit                             0x080002a8   Section        0  stm32f4xx_adc.o(i.ADC_DeInit)
    i.ADC_Init                               0x080002c0   Section        0  stm32f4xx_adc.o(i.ADC_Init)
    i.ADC_RegularChannelConfig               0x0800030c   Section        0  stm32f4xx_adc.o(i.ADC_RegularChannelConfig)
    i.ADC_StructInit                         0x08000380   Section        0  stm32f4xx_adc.o(i.ADC_StructInit)
    i.Audio_ADC_DMA_Init                     0x08000394   Section        0  adc_dma.o(i.Audio_ADC_DMA_Init)
    i.DMA2_Stream0_IRQHandler                0x080004f8   Section        0  adc_dma.o(i.DMA2_Stream0_IRQHandler)
    i.DMA_ClearFlag                          0x08000554   Section        0  stm32f4xx_dma.o(i.DMA_ClearFlag)
    i.DMA_ClearITPendingBit                  0x08000580   Section        0  stm32f4xx_dma.o(i.DMA_ClearITPendingBit)
    i.DMA_Cmd                                0x080005ac   Section        0  stm32f4xx_dma.o(i.DMA_Cmd)
    i.DMA_DeInit                             0x080005c0   Section        0  stm32f4xx_dma.o(i.DMA_DeInit)
    i.DMA_GetITStatus                        0x080006e4   Section        0  stm32f4xx_dma.o(i.DMA_GetITStatus)
    i.DMA_ITConfig                           0x08000738   Section        0  stm32f4xx_dma.o(i.DMA_ITConfig)
    i.DMA_Init                               0x08000764   Section        0  stm32f4xx_dma.o(i.DMA_Init)
    i.DMA_StructInit                         0x080007b8   Section        0  stm32f4xx_dma.o(i.DMA_StructInit)
    i.EXTI0_IRQHandler                       0x080007da   Section        0  run_exti.o(i.EXTI0_IRQHandler)
    i.EXTI15_10_IRQHandler                   0x080007e2   Section        0  run_exti.o(i.EXTI15_10_IRQHandler)
    i.EXTI1_IRQHandler                       0x08000824   Section        0  run_exti.o(i.EXTI1_IRQHandler)
    i.EXTI2_IRQHandler                       0x0800082c   Section        0  run_exti.o(i.EXTI2_IRQHandler)
    i.EXTI3_IRQHandler                       0x08000834   Section        0  run_exti.o(i.EXTI3_IRQHandler)
    i.EXTI4_IRQHandler                       0x0800083c   Section        0  run_exti.o(i.EXTI4_IRQHandler)
    i.EXTI9_5_IRQHandler                     0x08000844   Section        0  run_exti.o(i.EXTI9_5_IRQHandler)
    i.EXTI_ClearITPendingBit                 0x08000874   Section        0  stm32f4xx_exti.o(i.EXTI_ClearITPendingBit)
    i.EXTI_GetITStatus                       0x08000880   Section        0  stm32f4xx_exti.o(i.EXTI_GetITStatus)
    i.GPIO_Init                              0x08000894   Section        0  stm32f4xx_gpio.o(i.GPIO_Init)
    i.GPIO_PinAFConfig                       0x0800090c   Section        0  stm32f4xx_gpio.o(i.GPIO_PinAFConfig)
    i.GPIO_ResetBits                         0x0800092c   Section        0  stm32f4xx_gpio.o(i.GPIO_ResetBits)
    i.GPIO_SetBits                           0x08000930   Section        0  stm32f4xx_gpio.o(i.GPIO_SetBits)
    i.GPIO_ToggleBits                        0x08000934   Section        0  stm32f4xx_gpio.o(i.GPIO_ToggleBits)
    i.NVIC_Init                              0x0800093c   Section        0  misc.o(i.NVIC_Init)
    i.RCC_AHB1PeriphClockCmd                 0x080009a0   Section        0  stm32f4xx_rcc.o(i.RCC_AHB1PeriphClockCmd)
    i.RCC_APB1PeriphClockCmd                 0x080009b8   Section        0  stm32f4xx_rcc.o(i.RCC_APB1PeriphClockCmd)
    i.RCC_APB1PeriphResetCmd                 0x080009d0   Section        0  stm32f4xx_rcc.o(i.RCC_APB1PeriphResetCmd)
    i.RCC_APB2PeriphClockCmd                 0x080009e8   Section        0  stm32f4xx_rcc.o(i.RCC_APB2PeriphClockCmd)
    i.RCC_APB2PeriphResetCmd                 0x08000a00   Section        0  stm32f4xx_rcc.o(i.RCC_APB2PeriphResetCmd)
    i.RCC_GetClocksFreq                      0x08000a18   Section        0  stm32f4xx_rcc.o(i.RCC_GetClocksFreq)
    i.RUN_EXTI_Handler                       0x08000aa8   Section        0  run_exti.o(i.RUN_EXTI_Handler)
    RUN_EXTI_Handler                         0x08000aa9   Thumb Code    36  run_exti.o(i.RUN_EXTI_Handler)
    i.RUN_TIM6_Handler_Core                  0x08000ad0   Section        0  run_isr.o(i.RUN_TIM6_Handler_Core)
    i.RUN_delay_init                         0x08000af4   Section        0  run_delay.o(i.RUN_delay_init)
    i.RUN_delay_ms                           0x08000b0c   Section        0  run_delay.o(i.RUN_delay_ms)
    i.RUN_delay_us                           0x08000b28   Section        0  run_delay.o(i.RUN_delay_us)
    i.RUN_gpio_init                          0x08000b5c   Section        0  run_gpio.o(i.RUN_gpio_init)
    i.RUN_gpio_set                           0x08000bf4   Section        0  run_gpio.o(i.RUN_gpio_set)
    i.RUN_gpio_toggle                        0x08000c1c   Section        0  run_gpio.o(i.RUN_gpio_toggle)
    i.RUN_timer_init                         0x08000c3c   Section        0  run_timer.o(i.RUN_timer_init)
    i.RUN_uart_init                          0x08000cdc   Section        0  run_uart.o(i.RUN_uart_init)
    i.RUN_uart_putchar                       0x08000e24   Section        0  run_uart.o(i.RUN_uart_putchar)
    i.RUN_uart_putstr                        0x08000e54   Section        0  run_uart.o(i.RUN_uart_putstr)
    i.SetSysClock                            0x08000e70   Section        0  system_stm32f4xx.o(i.SetSysClock)
    SetSysClock                              0x08000e71   Thumb Code   162  system_stm32f4xx.o(i.SetSysClock)
    i.SysTick_CLKSourceConfig                0x08000f24   Section        0  misc.o(i.SysTick_CLKSourceConfig)
    i.SystemInit                             0x08000f3c   Section        0  system_stm32f4xx.o(i.SystemInit)
    i.TIM10_Callback                         0x08000f98   Section        0  run_isr.o(i.TIM10_Callback)
    i.TIM11_Callback                         0x08000f9a   Section        0  run_isr.o(i.TIM11_Callback)
    i.TIM12_Callback                         0x08000f9c   Section        0  run_isr.o(i.TIM12_Callback)
    i.TIM13_Callback                         0x08000f9e   Section        0  run_isr.o(i.TIM13_Callback)
    i.TIM14_Callback                         0x08000fa0   Section        0  run_isr.o(i.TIM14_Callback)
    i.TIM1_BRK_TIM9_IRQHandler               0x08000fa4   Section        0  run_isr.o(i.TIM1_BRK_TIM9_IRQHandler)
    i.TIM1_TRG_COM_TIM11_IRQHandler          0x08000fc8   Section        0  run_isr.o(i.TIM1_TRG_COM_TIM11_IRQHandler)
    i.TIM1_UP_Callback                       0x08000fec   Section        0  run_isr.o(i.TIM1_UP_Callback)
    i.TIM1_UP_TIM10_IRQHandler               0x08000ff0   Section        0  run_isr.o(i.TIM1_UP_TIM10_IRQHandler)
    i.TIM2_Callback                          0x08001030   Section        0  run_isr.o(i.TIM2_Callback)
    i.TIM2_IRQHandler                        0x08001032   Section        0  run_isr.o(i.TIM2_IRQHandler)
    i.TIM3_Callback                          0x08001050   Section        0  run_isr.o(i.TIM3_Callback)
    i.TIM3_IRQHandler                        0x08001054   Section        0  run_isr.o(i.TIM3_IRQHandler)
    i.TIM4_Callback                          0x08001078   Section        0  main.o(i.TIM4_Callback)
    i.TIM4_IRQHandler                        0x08001080   Section        0  run_isr.o(i.TIM4_IRQHandler)
    i.TIM5_Callback                          0x080010a4   Section        0  run_isr.o(i.TIM5_Callback)
    i.TIM5_IRQHandler                        0x080010a8   Section        0  run_isr.o(i.TIM5_IRQHandler)
    i.TIM6_Callback                          0x080010cc   Section        0  run_isr.o(i.TIM6_Callback)
    i.TIM6_DAC_IRQHandler                    0x080010ce   Section        0  run_isr.o(i.TIM6_DAC_IRQHandler)
    i.TIM7_Callback                          0x080010d2   Section        0  run_isr.o(i.TIM7_Callback)
    i.TIM7_IRQHandler                        0x080010d4   Section        0  run_isr.o(i.TIM7_IRQHandler)
    i.TIM8_BRK_TIM12_IRQHandler              0x080010f8   Section        0  run_isr.o(i.TIM8_BRK_TIM12_IRQHandler)
    i.TIM8_TRG_COM_TIM14_IRQHandler          0x0800111c   Section        0  run_isr.o(i.TIM8_TRG_COM_TIM14_IRQHandler)
    i.TIM8_UP_Callback                       0x08001140   Section        0  run_isr.o(i.TIM8_UP_Callback)
    i.TIM8_UP_TIM13_IRQHandler               0x08001144   Section        0  run_isr.o(i.TIM8_UP_TIM13_IRQHandler)
    i.TIM9_Callback                          0x08001184   Section        0  run_isr.o(i.TIM9_Callback)
    i.TIM_ClearITPendingBit                  0x08001186   Section        0  stm32f4xx_tim.o(i.TIM_ClearITPendingBit)
    i.TIM_Cmd                                0x0800118c   Section        0  stm32f4xx_tim.o(i.TIM_Cmd)
    i.TIM_DeInit                             0x080011a0   Section        0  stm32f4xx_tim.o(i.TIM_DeInit)
    i.TIM_GetITStatus                        0x080012f0   Section        0  stm32f4xx_tim.o(i.TIM_GetITStatus)
    i.TIM_ITConfig                           0x08001308   Section        0  stm32f4xx_tim.o(i.TIM_ITConfig)
    i.TIM_SelectOutputTrigger                0x08001318   Section        0  stm32f4xx_tim.o(i.TIM_SelectOutputTrigger)
    i.TIM_TimeBaseInit                       0x08001328   Section        0  stm32f4xx_tim.o(i.TIM_TimeBaseInit)
    i.TIM_TimeBaseStructInit                 0x080013a4   Section        0  stm32f4xx_tim.o(i.TIM_TimeBaseStructInit)
    i.UART4_IRQHandler                       0x080013b8   Section        0  run_isr.o(i.UART4_IRQHandler)
    i.UART5_IRQHandler                       0x080013ec   Section        0  run_isr.o(i.UART5_IRQHandler)
    i.USART1_IRQHandler                      0x08001420   Section        0  run_isr.o(i.USART1_IRQHandler)
    i.USART2_IRQHandler                      0x08001454   Section        0  run_isr.o(i.USART2_IRQHandler)
    i.USART3_IRQHandler                      0x08001488   Section        0  run_isr.o(i.USART3_IRQHandler)
    i.USART6_IRQHandler                      0x080014bc   Section        0  run_isr.o(i.USART6_IRQHandler)
    i.USART_ClearITPendingBit                0x080014f0   Section        0  stm32f4xx_usart.o(i.USART_ClearITPendingBit)
    i.USART_Cmd                              0x080014fc   Section        0  stm32f4xx_usart.o(i.USART_Cmd)
    i.USART_GetFlagStatus                    0x08001510   Section        0  stm32f4xx_usart.o(i.USART_GetFlagStatus)
    i.USART_GetITStatus                      0x0800151e   Section        0  stm32f4xx_usart.o(i.USART_GetITStatus)
    i.USART_ITConfig                         0x0800155c   Section        0  stm32f4xx_usart.o(i.USART_ITConfig)
    i.USART_Init                             0x0800158c   Section        0  stm32f4xx_usart.o(i.USART_Init)
    i.USART_ReceiveData                      0x08001638   Section        0  stm32f4xx_usart.o(i.USART_ReceiveData)
    i.USART_SendData                         0x08001640   Section        0  stm32f4xx_usart.o(i.USART_SendData)
    i.__0printf$1                            0x08001648   Section        0  printf1.o(i.__0printf$1)
    i.__scatterload_copy                     0x08001668   Section       14  handlers.o(i.__scatterload_copy)
    i.__scatterload_null                     0x08001676   Section        2  handlers.o(i.__scatterload_null)
    i.__scatterload_zeroinit                 0x08001678   Section       14  handlers.o(i.__scatterload_zeroinit)
    i._printf_core                           0x08001688   Section        0  printf1.o(i._printf_core)
    _printf_core                             0x08001689   Thumb Code   336  printf1.o(i._printf_core)
    i.arm_bitreversal_32                     0x080017dc   Section        0  transformfunctions.o(i.arm_bitreversal_32)
    i.arm_cfft_f32                           0x08001818   Section        0  transformfunctions.o(i.arm_cfft_f32)
    i.arm_cfft_radix8by2_f32                 0x080018e4   Section        0  transformfunctions.o(i.arm_cfft_radix8by2_f32)
    i.arm_cfft_radix8by4_f32                 0x08001a6e   Section        0  transformfunctions.o(i.arm_cfft_radix8by4_f32)
    i.arm_cmplx_mag_f32                      0x08001ea8   Section        0  complexmathfunctions.o(i.arm_cmplx_mag_f32)
    i.arm_radix8_butterfly_f32               0x08001ee8   Section        0  transformfunctions.o(i.arm_radix8_butterfly_f32)
    i.fputc                                  0x080023bc   Section        0  run_uart.o(i.fputc)
    i.main                                   0x080023cc   Section        0  main.o(i.main)
    i.uart1_rx_interrupt                     0x080024f0   Section        0  run_isr.o(i.uart1_rx_interrupt)
    i.uart2_rx_interrupt                     0x08002550   Section        0  run_isr.o(i.uart2_rx_interrupt)
    i.uart3_rx_interrupt                     0x080025b0   Section        0  run_isr.o(i.uart3_rx_interrupt)
    i.uart4_rx_interrupt                     0x08002610   Section        0  run_isr.o(i.uart4_rx_interrupt)
    i.uart5_rx_interrupt                     0x08002670   Section        0  run_isr.o(i.uart5_rx_interrupt)
    i.uart6_rx_interrupt                     0x080026d0   Section        0  run_isr.o(i.uart6_rx_interrupt)
    .constdata                               0x08002730   Section     1728  run_gpio.o(.constdata)
    .constdata                               0x08002df0   Section      480  run_uart.o(.constdata)
    .constdata                               0x08002fd0   Section      168  run_timer.o(.constdata)
    .constdata                               0x08003078   Section     8192  commontables.o(.constdata)
    .constdata                               0x08005078   Section     3600  commontables.o(.constdata)
    .constdata                               0x08005e88   Section       16  commontables.o(.constdata)
    .data                                    0x20000000   Section       16  stm32f4xx_rcc.o(.data)
    APBAHBPrescTable                         0x20000000   Data          16  stm32f4xx_rcc.o(.data)
    .data                                    0x20000010   Section        1  run_delay.o(.data)
    fac_us                                   0x20000010   Data           1  run_delay.o(.data)
    .data                                    0x20000014   Section        4  run_uart.o(.data)
    .data                                    0x20000018   Section       18  run_isr.o(.data)
    RxState                                  0x2000001e   Data           1  run_isr.o(.data)
    pRxIndex                                 0x2000001f   Data           1  run_isr.o(.data)
    RxState                                  0x20000020   Data           1  run_isr.o(.data)
    pRxIndex                                 0x20000021   Data           1  run_isr.o(.data)
    RxState                                  0x20000022   Data           1  run_isr.o(.data)
    pRxIndex                                 0x20000023   Data           1  run_isr.o(.data)
    RxState                                  0x20000024   Data           1  run_isr.o(.data)
    pRxIndex                                 0x20000025   Data           1  run_isr.o(.data)
    RxState                                  0x20000026   Data           1  run_isr.o(.data)
    pRxIndex                                 0x20000027   Data           1  run_isr.o(.data)
    RxState                                  0x20000028   Data           1  run_isr.o(.data)
    pRxIndex                                 0x20000029   Data           1  run_isr.o(.data)
    .data                                    0x2000002c   Section        8  adc_dma.o(.data)
    .bss                                     0x20000034   Section    12288  main.o(.bss)
    .bss                                     0x20003034   Section      600  run_isr.o(.bss)
    .bss                                     0x2000328c   Section       64  run_exti.o(.bss)
    exti_callbacks                           0x2000328c   Data          64  run_exti.o(.bss)
    .bss                                     0x200032cc   Section     4096  adc_dma.o(.bss)
    STACK                                    0x200042d0   Section     1024  startup_stm32f40_41xxx.o(STACK)

    Global Symbols

    Symbol Name                              Value     Ov Type        Size  Object(Section)

    BuildAttributes$$THM_ISAv4$E$P$D$K$B$S$7EM$VFPi3$EXTD16$VFPS$VFMA$PE$A:L22UL41UL21$X:L11$S22US41US21$IEEE1$IW$USESV6$~STKCKD$USESV7$~SHL$OTIME$ROPI$IEEEX$EBA8$MICROLIB$REQ8$PRES8$EABIv2 0x00000000   Number         0  anon$$obj.o ABSOLUTE
    __ARM_use_no_argv                        0x00000000   Number         0  main.o ABSOLUTE
    __use_no_errno                           0x00000000   Number         0  useno.o ABSOLUTE
    __use_no_exception_handling              0x00000000   Number         0  useno.o ABSOLUTE
    __use_no_fp                              0x00000000   Number         0  useno.o ABSOLUTE
    __use_no_heap                            0x00000000   Number         0  useno.o ABSOLUTE
    __use_no_heap_region                     0x00000000   Number         0  useno.o ABSOLUTE
    __use_no_semihosting                     0x00000000   Number         0  useno.o ABSOLUTE
    __use_no_semihosting_swi                 0x00000000   Number         0  useno.o ABSOLUTE
    __use_no_signal_handling                 0x00000000   Number         0  useno.o ABSOLUTE
    _printf_a                                0x00000000   Number         0  stubs.o ABSOLUTE
    _printf_c                                0x00000000   Number         0  stubs.o ABSOLUTE
    _printf_charcount                        0x00000000   Number         0  stubs.o ABSOLUTE
    _printf_d                                0x00000000   Number         0  stubs.o ABSOLUTE
    _printf_e                                0x00000000   Number         0  stubs.o ABSOLUTE
    _printf_f                                0x00000000   Number         0  stubs.o ABSOLUTE
    _printf_flags                            0x00000000   Number         0  stubs.o ABSOLUTE
    _printf_fp_dec                           0x00000000   Number         0  stubs.o ABSOLUTE
    _printf_fp_hex                           0x00000000   Number         0  stubs.o ABSOLUTE
    _printf_g                                0x00000000   Number         0  stubs.o ABSOLUTE
    _printf_i                                0x00000000   Number         0  stubs.o ABSOLUTE
    _printf_int_dec                          0x00000000   Number         0  stubs.o ABSOLUTE
    _printf_l                                0x00000000   Number         0  stubs.o ABSOLUTE
    _printf_lc                               0x00000000   Number         0  stubs.o ABSOLUTE
    _printf_ll                               0x00000000   Number         0  stubs.o ABSOLUTE
    _printf_lld                              0x00000000   Number         0  stubs.o ABSOLUTE
    _printf_lli                              0x00000000   Number         0  stubs.o ABSOLUTE
    _printf_llo                              0x00000000   Number         0  stubs.o ABSOLUTE
    _printf_llu                              0x00000000   Number         0  stubs.o ABSOLUTE
    _printf_llx                              0x00000000   Number         0  stubs.o ABSOLUTE
    _printf_longlong_dec                     0x00000000   Number         0  stubs.o ABSOLUTE
    _printf_longlong_hex                     0x00000000   Number         0  stubs.o ABSOLUTE
    _printf_longlong_oct                     0x00000000   Number         0  stubs.o ABSOLUTE
    _printf_ls                               0x00000000   Number         0  stubs.o ABSOLUTE
    _printf_mbtowc                           0x00000000   Number         0  stubs.o ABSOLUTE
    _printf_n                                0x00000000   Number         0  stubs.o ABSOLUTE
    _printf_o                                0x00000000   Number         0  stubs.o ABSOLUTE
    _printf_p                                0x00000000   Number         0  stubs.o ABSOLUTE
    _printf_percent                          0x00000000   Number         0  stubs.o ABSOLUTE
    _printf_pre_padding                      0x00000000   Number         0  stubs.o ABSOLUTE
    _printf_return_value                     0x00000000   Number         0  stubs.o ABSOLUTE
    _printf_s                                0x00000000   Number         0  stubs.o ABSOLUTE
    _printf_sizespec                         0x00000000   Number         0  stubs.o ABSOLUTE
    _printf_str                              0x00000000   Number         0  stubs.o ABSOLUTE
    _printf_truncate_signed                  0x00000000   Number         0  stubs.o ABSOLUTE
    _printf_truncate_unsigned                0x00000000   Number         0  stubs.o ABSOLUTE
    _printf_u                                0x00000000   Number         0  stubs.o ABSOLUTE
    _printf_wc                               0x00000000   Number         0  stubs.o ABSOLUTE
    _printf_wctomb                           0x00000000   Number         0  stubs.o ABSOLUTE
    _printf_widthprec                        0x00000000   Number         0  stubs.o ABSOLUTE
    _printf_x                                0x00000000   Number         0  stubs.o ABSOLUTE
    __cpp_initialize__aeabi_                  - Undefined Weak Reference
    __cxa_finalize                            - Undefined Weak Reference
    __decompress                              - Undefined Weak Reference
    _clock_init                               - Undefined Weak Reference
    _microlib_exit                            - Undefined Weak Reference
    __Vectors_Size                           0x00000188   Number         0  startup_stm32f40_41xxx.o ABSOLUTE
    __Vectors                                0x08000000   Data           4  startup_stm32f40_41xxx.o(RESET)
    __Vectors_End                            0x08000188   Data           0  startup_stm32f40_41xxx.o(RESET)
    __main                                   0x08000189   Thumb Code     0  entry.o(.ARM.Collect$$$$00000000)
    _main_stk                                0x08000189   Thumb Code     0  entry2.o(.ARM.Collect$$$$00000001)
    _main_scatterload                        0x0800018d   Thumb Code     0  entry5.o(.ARM.Collect$$$$00000004)
    __main_after_scatterload                 0x08000191   Thumb Code     0  entry5.o(.ARM.Collect$$$$00000004)
    _main_clock                              0x08000191   Thumb Code     0  entry7b.o(.ARM.Collect$$$$00000008)
    _main_cpp_init                           0x08000191   Thumb Code     0  entry8b.o(.ARM.Collect$$$$0000000A)
    _main_init                               0x08000191   Thumb Code     0  entry9a.o(.ARM.Collect$$$$0000000B)
    __rt_final_cpp                           0x08000199   Thumb Code     0  entry10a.o(.ARM.Collect$$$$0000000D)
    __rt_final_exit                          0x08000199   Thumb Code     0  entry11a.o(.ARM.Collect$$$$0000000F)
    Reset_Handler                            0x0800019d   Thumb Code     8  startup_stm32f40_41xxx.o(.text)
    NMI_Handler                              0x080001a5   Thumb Code     2  startup_stm32f40_41xxx.o(.text)
    HardFault_Handler                        0x080001a7   Thumb Code     2  startup_stm32f40_41xxx.o(.text)
    MemManage_Handler                        0x080001a9   Thumb Code     2  startup_stm32f40_41xxx.o(.text)
    BusFault_Handler                         0x080001ab   Thumb Code     2  startup_stm32f40_41xxx.o(.text)
    UsageFault_Handler                       0x080001ad   Thumb Code     2  startup_stm32f40_41xxx.o(.text)
    SVC_Handler                              0x080001af   Thumb Code     2  startup_stm32f40_41xxx.o(.text)
    DebugMon_Handler                         0x080001b1   Thumb Code     2  startup_stm32f40_41xxx.o(.text)
    PendSV_Handler                           0x080001b3   Thumb Code     2  startup_stm32f40_41xxx.o(.text)
    SysTick_Handler                          0x080001b5   Thumb Code     2  startup_stm32f40_41xxx.o(.text)
    ADC_IRQHandler                           0x080001b7   Thumb Code     0  startup_stm32f40_41xxx.o(.text)
    CAN1_RX0_IRQHandler                      0x080001b7   Thumb Code     0  startup_stm32f40_41xxx.o(.text)
    CAN1_RX1_IRQHandler                      0x080001b7   Thumb Code     0  startup_stm32f40_41xxx.o(.text)
    CAN1_SCE_IRQHandler                      0x080001b7   Thumb Code     0  startup_stm32f40_41xxx.o(.text)
    CAN1_TX_IRQHandler                       0x080001b7   Thumb Code     0  startup_stm32f40_41xxx.o(.text)
    CAN2_RX0_IRQHandler                      0x080001b7   Thumb Code     0  startup_stm32f40_41xxx.o(.text)
    CAN2_RX1_IRQHandler                      0x080001b7   Thumb Code     0  startup_stm32f40_41xxx.o(.text)
    CAN2_SCE_IRQHandler                      0x080001b7   Thumb Code     0  startup_stm32f40_41xxx.o(.text)
    CAN2_TX_IRQHandler                       0x080001b7   Thumb Code     0  startup_stm32f40_41xxx.o(.text)
    CRYP_IRQHandler                          0x080001b7   Thumb Code     0  startup_stm32f40_41xxx.o(.text)
    DCMI_IRQHandler                          0x080001b7   Thumb Code     0  startup_stm32f40_41xxx.o(.text)
    DMA1_Stream0_IRQHandler                  0x080001b7   Thumb Code     0  startup_stm32f40_41xxx.o(.text)
    DMA1_Stream1_IRQHandler                  0x080001b7   Thumb Code     0  startup_stm32f40_41xxx.o(.text)
    DMA1_Stream2_IRQHandler                  0x080001b7   Thumb Code     0  startup_stm32f40_41xxx.o(.text)
    DMA1_Stream3_IRQHandler                  0x080001b7   Thumb Code     0  startup_stm32f40_41xxx.o(.text)
    DMA1_Stream4_IRQHandler                  0x080001b7   Thumb Code     0  startup_stm32f40_41xxx.o(.text)
    DMA1_Stream5_IRQHandler                  0x080001b7   Thumb Code     0  startup_stm32f40_41xxx.o(.text)
    DMA1_Stream6_IRQHandler                  0x080001b7   Thumb Code     0  startup_stm32f40_41xxx.o(.text)
    DMA1_Stream7_IRQHandler                  0x080001b7   Thumb Code     0  startup_stm32f40_41xxx.o(.text)
    DMA2_Stream1_IRQHandler                  0x080001b7   Thumb Code     0  startup_stm32f40_41xxx.o(.text)
    DMA2_Stream2_IRQHandler                  0x080001b7   Thumb Code     0  startup_stm32f40_41xxx.o(.text)
    DMA2_Stream3_IRQHandler                  0x080001b7   Thumb Code     0  startup_stm32f40_41xxx.o(.text)
    DMA2_Stream4_IRQHandler                  0x080001b7   Thumb Code     0  startup_stm32f40_41xxx.o(.text)
    DMA2_Stream5_IRQHandler                  0x080001b7   Thumb Code     0  startup_stm32f40_41xxx.o(.text)
    DMA2_Stream6_IRQHandler                  0x080001b7   Thumb Code     0  startup_stm32f40_41xxx.o(.text)
    DMA2_Stream7_IRQHandler                  0x080001b7   Thumb Code     0  startup_stm32f40_41xxx.o(.text)
    ETH_IRQHandler                           0x080001b7   Thumb Code     0  startup_stm32f40_41xxx.o(.text)
    ETH_WKUP_IRQHandler                      0x080001b7   Thumb Code     0  startup_stm32f40_41xxx.o(.text)
    FLASH_IRQHandler                         0x080001b7   Thumb Code     0  startup_stm32f40_41xxx.o(.text)
    FPU_IRQHandler                           0x080001b7   Thumb Code     0  startup_stm32f40_41xxx.o(.text)
    FSMC_IRQHandler                          0x080001b7   Thumb Code     0  startup_stm32f40_41xxx.o(.text)
    HASH_RNG_IRQHandler                      0x080001b7   Thumb Code     0  startup_stm32f40_41xxx.o(.text)
    I2C1_ER_IRQHandler                       0x080001b7   Thumb Code     0  startup_stm32f40_41xxx.o(.text)
    I2C1_EV_IRQHandler                       0x080001b7   Thumb Code     0  startup_stm32f40_41xxx.o(.text)
    I2C2_ER_IRQHandler                       0x080001b7   Thumb Code     0  startup_stm32f40_41xxx.o(.text)
    I2C2_EV_IRQHandler                       0x080001b7   Thumb Code     0  startup_stm32f40_41xxx.o(.text)
    I2C3_ER_IRQHandler                       0x080001b7   Thumb Code     0  startup_stm32f40_41xxx.o(.text)
    I2C3_EV_IRQHandler                       0x080001b7   Thumb Code     0  startup_stm32f40_41xxx.o(.text)
    OTG_FS_IRQHandler                        0x080001b7   Thumb Code     0  startup_stm32f40_41xxx.o(.text)
    OTG_FS_WKUP_IRQHandler                   0x080001b7   Thumb Code     0  startup_stm32f40_41xxx.o(.text)
    OTG_HS_EP1_IN_IRQHandler                 0x080001b7   Thumb Code     0  startup_stm32f40_41xxx.o(.text)
    OTG_HS_EP1_OUT_IRQHandler                0x080001b7   Thumb Code     0  startup_stm32f40_41xxx.o(.text)
    OTG_HS_IRQHandler                        0x080001b7   Thumb Code     0  startup_stm32f40_41xxx.o(.text)
    OTG_HS_WKUP_IRQHandler                   0x080001b7   Thumb Code     0  startup_stm32f40_41xxx.o(.text)
    PVD_IRQHandler                           0x080001b7   Thumb Code     0  startup_stm32f40_41xxx.o(.text)
    RCC_IRQHandler                           0x080001b7   Thumb Code     0  startup_stm32f40_41xxx.o(.text)
    RTC_Alarm_IRQHandler                     0x080001b7   Thumb Code     0  startup_stm32f40_41xxx.o(.text)
    RTC_WKUP_IRQHandler                      0x080001b7   Thumb Code     0  startup_stm32f40_41xxx.o(.text)
    SDIO_IRQHandler                          0x080001b7   Thumb Code     0  startup_stm32f40_41xxx.o(.text)
    SPI1_IRQHandler                          0x080001b7   Thumb Code     0  startup_stm32f40_41xxx.o(.text)
    SPI2_IRQHandler                          0x080001b7   Thumb Code     0  startup_stm32f40_41xxx.o(.text)
    SPI3_IRQHandler                          0x080001b7   Thumb Code     0  startup_stm32f40_41xxx.o(.text)
    TAMP_STAMP_IRQHandler                    0x080001b7   Thumb Code     0  startup_stm32f40_41xxx.o(.text)
    TIM1_CC_IRQHandler                       0x080001b7   Thumb Code     0  startup_stm32f40_41xxx.o(.text)
    TIM8_CC_IRQHandler                       0x080001b7   Thumb Code     0  startup_stm32f40_41xxx.o(.text)
    WWDG_IRQHandler                          0x080001b7   Thumb Code     0  startup_stm32f40_41xxx.o(.text)
    __aeabi_memset                           0x080001c1   Thumb Code    14  memseta.o(.text)
    __aeabi_memset4                          0x080001c1   Thumb Code     0  memseta.o(.text)
    __aeabi_memset8                          0x080001c1   Thumb Code     0  memseta.o(.text)
    __aeabi_memclr                           0x080001cf   Thumb Code     4  memseta.o(.text)
    __aeabi_memclr4                          0x080001cf   Thumb Code     0  memseta.o(.text)
    __aeabi_memclr8                          0x080001cf   Thumb Code     0  memseta.o(.text)
    _memset$wrapper                          0x080001d3   Thumb Code    18  memseta.o(.text)
    __aeabi_uidiv                            0x080001e5   Thumb Code     0  uidiv.o(.text)
    __aeabi_uidivmod                         0x080001e5   Thumb Code    44  uidiv.o(.text)
    __scatterload                            0x08000211   Thumb Code    28  init.o(.text)
    __scatterload_rt2                        0x08000211   Thumb Code     0  init.o(.text)
    ADC_Cmd                                  0x08000235   Thumb Code    20  stm32f4xx_adc.o(i.ADC_Cmd)
    ADC_CommonInit                           0x08000249   Thumb Code    34  stm32f4xx_adc.o(i.ADC_CommonInit)
    ADC_CommonStructInit                     0x08000275   Thumb Code    12  stm32f4xx_adc.o(i.ADC_CommonStructInit)
    ADC_DMACmd                               0x08000281   Thumb Code    20  stm32f4xx_adc.o(i.ADC_DMACmd)
    ADC_DMARequestAfterLastTransferCmd       0x08000295   Thumb Code    20  stm32f4xx_adc.o(i.ADC_DMARequestAfterLastTransferCmd)
    ADC_DeInit                               0x080002a9   Thumb Code    24  stm32f4xx_adc.o(i.ADC_DeInit)
    ADC_Init                                 0x080002c1   Thumb Code    66  stm32f4xx_adc.o(i.ADC_Init)
    ADC_RegularChannelConfig                 0x0800030d   Thumb Code   116  stm32f4xx_adc.o(i.ADC_RegularChannelConfig)
    ADC_StructInit                           0x08000381   Thumb Code    20  stm32f4xx_adc.o(i.ADC_StructInit)
    Audio_ADC_DMA_Init                       0x08000395   Thumb Code   328  adc_dma.o(i.Audio_ADC_DMA_Init)
    DMA2_Stream0_IRQHandler                  0x080004f9   Thumb Code    68  adc_dma.o(i.DMA2_Stream0_IRQHandler)
    DMA_ClearFlag                            0x08000555   Thumb Code    32  stm32f4xx_dma.o(i.DMA_ClearFlag)
    DMA_ClearITPendingBit                    0x08000581   Thumb Code    32  stm32f4xx_dma.o(i.DMA_ClearITPendingBit)
    DMA_Cmd                                  0x080005ad   Thumb Code    20  stm32f4xx_dma.o(i.DMA_Cmd)
    DMA_DeInit                               0x080005c1   Thumb Code   272  stm32f4xx_dma.o(i.DMA_DeInit)
    DMA_GetITStatus                          0x080006e5   Thumb Code    68  stm32f4xx_dma.o(i.DMA_GetITStatus)
    DMA_ITConfig                             0x08000739   Thumb Code    44  stm32f4xx_dma.o(i.DMA_ITConfig)
    DMA_Init                                 0x08000765   Thumb Code    80  stm32f4xx_dma.o(i.DMA_Init)
    DMA_StructInit                           0x080007b9   Thumb Code    34  stm32f4xx_dma.o(i.DMA_StructInit)
    EXTI0_IRQHandler                         0x080007db   Thumb Code     8  run_exti.o(i.EXTI0_IRQHandler)
    EXTI15_10_IRQHandler                     0x080007e3   Thumb Code    66  run_exti.o(i.EXTI15_10_IRQHandler)
    EXTI1_IRQHandler                         0x08000825   Thumb Code     8  run_exti.o(i.EXTI1_IRQHandler)
    EXTI2_IRQHandler                         0x0800082d   Thumb Code     8  run_exti.o(i.EXTI2_IRQHandler)
    EXTI3_IRQHandler                         0x08000835   Thumb Code     8  run_exti.o(i.EXTI3_IRQHandler)
    EXTI4_IRQHandler                         0x0800083d   Thumb Code     8  run_exti.o(i.EXTI4_IRQHandler)
    EXTI9_5_IRQHandler                       0x08000845   Thumb Code    48  run_exti.o(i.EXTI9_5_IRQHandler)
    EXTI_ClearITPendingBit                   0x08000875   Thumb Code     6  stm32f4xx_exti.o(i.EXTI_ClearITPendingBit)
    EXTI_GetITStatus                         0x08000881   Thumb Code    16  stm32f4xx_exti.o(i.EXTI_GetITStatus)
    GPIO_Init                                0x08000895   Thumb Code   120  stm32f4xx_gpio.o(i.GPIO_Init)
    GPIO_PinAFConfig                         0x0800090d   Thumb Code    32  stm32f4xx_gpio.o(i.GPIO_PinAFConfig)
    GPIO_ResetBits                           0x0800092d   Thumb Code     4  stm32f4xx_gpio.o(i.GPIO_ResetBits)
    GPIO_SetBits                             0x08000931   Thumb Code     4  stm32f4xx_gpio.o(i.GPIO_SetBits)
    GPIO_ToggleBits                          0x08000935   Thumb Code     8  stm32f4xx_gpio.o(i.GPIO_ToggleBits)
    NVIC_Init                                0x0800093d   Thumb Code    96  misc.o(i.NVIC_Init)
    RCC_AHB1PeriphClockCmd                   0x080009a1   Thumb Code    18  stm32f4xx_rcc.o(i.RCC_AHB1PeriphClockCmd)
    RCC_APB1PeriphClockCmd                   0x080009b9   Thumb Code    18  stm32f4xx_rcc.o(i.RCC_APB1PeriphClockCmd)
    RCC_APB1PeriphResetCmd                   0x080009d1   Thumb Code    18  stm32f4xx_rcc.o(i.RCC_APB1PeriphResetCmd)
    RCC_APB2PeriphClockCmd                   0x080009e9   Thumb Code    18  stm32f4xx_rcc.o(i.RCC_APB2PeriphClockCmd)
    RCC_APB2PeriphResetCmd                   0x08000a01   Thumb Code    18  stm32f4xx_rcc.o(i.RCC_APB2PeriphResetCmd)
    RCC_GetClocksFreq                        0x08000a19   Thumb Code   132  stm32f4xx_rcc.o(i.RCC_GetClocksFreq)
    RUN_TIM6_Handler_Core                    0x08000ad1   Thumb Code    30  run_isr.o(i.RUN_TIM6_Handler_Core)
    RUN_delay_init                           0x08000af5   Thumb Code    20  run_delay.o(i.RUN_delay_init)
    RUN_delay_ms                             0x08000b0d   Thumb Code    26  run_delay.o(i.RUN_delay_ms)
    RUN_delay_us                             0x08000b29   Thumb Code    46  run_delay.o(i.RUN_delay_us)
    RUN_gpio_init                            0x08000b5d   Thumb Code   148  run_gpio.o(i.RUN_gpio_init)
    RUN_gpio_set                             0x08000bf5   Thumb Code    34  run_gpio.o(i.RUN_gpio_set)
    RUN_gpio_toggle                          0x08000c1d   Thumb Code    26  run_gpio.o(i.RUN_gpio_toggle)
    RUN_timer_init                           0x08000c3d   Thumb Code   148  run_timer.o(i.RUN_timer_init)
    RUN_uart_init                            0x08000cdd   Thumb Code   298  run_uart.o(i.RUN_uart_init)
    RUN_uart_putchar                         0x08000e25   Thumb Code    44  run_uart.o(i.RUN_uart_putchar)
    RUN_uart_putstr                          0x08000e55   Thumb Code    28  run_uart.o(i.RUN_uart_putstr)
    SysTick_CLKSourceConfig                  0x08000f25   Thumb Code    24  misc.o(i.SysTick_CLKSourceConfig)
    SystemInit                               0x08000f3d   Thumb Code    74  system_stm32f4xx.o(i.SystemInit)
    TIM10_Callback                           0x08000f99   Thumb Code     2  run_isr.o(i.TIM10_Callback)
    TIM11_Callback                           0x08000f9b   Thumb Code     2  run_isr.o(i.TIM11_Callback)
    TIM12_Callback                           0x08000f9d   Thumb Code     2  run_isr.o(i.TIM12_Callback)
    TIM13_Callback                           0x08000f9f   Thumb Code     2  run_isr.o(i.TIM13_Callback)
    TIM14_Callback                           0x08000fa1   Thumb Code     2  run_isr.o(i.TIM14_Callback)
    TIM1_BRK_TIM9_IRQHandler                 0x08000fa5   Thumb Code    30  run_isr.o(i.TIM1_BRK_TIM9_IRQHandler)
    TIM1_TRG_COM_TIM11_IRQHandler            0x08000fc9   Thumb Code    30  run_isr.o(i.TIM1_TRG_COM_TIM11_IRQHandler)
    TIM1_UP_Callback                         0x08000fed   Thumb Code     2  run_isr.o(i.TIM1_UP_Callback)
    TIM1_UP_TIM10_IRQHandler                 0x08000ff1   Thumb Code    54  run_isr.o(i.TIM1_UP_TIM10_IRQHandler)
    TIM2_Callback                            0x08001031   Thumb Code     2  run_isr.o(i.TIM2_Callback)
    TIM2_IRQHandler                          0x08001033   Thumb Code    30  run_isr.o(i.TIM2_IRQHandler)
    TIM3_Callback                            0x08001051   Thumb Code     2  run_isr.o(i.TIM3_Callback)
    TIM3_IRQHandler                          0x08001055   Thumb Code    30  run_isr.o(i.TIM3_IRQHandler)
    TIM4_Callback                            0x08001079   Thumb Code     6  main.o(i.TIM4_Callback)
    TIM4_IRQHandler                          0x08001081   Thumb Code    30  run_isr.o(i.TIM4_IRQHandler)
    TIM5_Callback                            0x080010a5   Thumb Code     2  run_isr.o(i.TIM5_Callback)
    TIM5_IRQHandler                          0x080010a9   Thumb Code    30  run_isr.o(i.TIM5_IRQHandler)
    TIM6_Callback                            0x080010cd   Thumb Code     2  run_isr.o(i.TIM6_Callback)
    TIM6_DAC_IRQHandler                      0x080010cf   Thumb Code     4  run_isr.o(i.TIM6_DAC_IRQHandler)
    TIM7_Callback                            0x080010d3   Thumb Code     2  run_isr.o(i.TIM7_Callback)
    TIM7_IRQHandler                          0x080010d5   Thumb Code    30  run_isr.o(i.TIM7_IRQHandler)
    TIM8_BRK_TIM12_IRQHandler                0x080010f9   Thumb Code    30  run_isr.o(i.TIM8_BRK_TIM12_IRQHandler)
    TIM8_TRG_COM_TIM14_IRQHandler            0x0800111d   Thumb Code    30  run_isr.o(i.TIM8_TRG_COM_TIM14_IRQHandler)
    TIM8_UP_Callback                         0x08001141   Thumb Code     2  run_isr.o(i.TIM8_UP_Callback)
    TIM8_UP_TIM13_IRQHandler                 0x08001145   Thumb Code    54  run_isr.o(i.TIM8_UP_TIM13_IRQHandler)
    TIM9_Callback                            0x08001185   Thumb Code     2  run_isr.o(i.TIM9_Callback)
    TIM_ClearITPendingBit                    0x08001187   Thumb Code     6  stm32f4xx_tim.o(i.TIM_ClearITPendingBit)
    TIM_Cmd                                  0x0800118d   Thumb Code    20  stm32f4xx_tim.o(i.TIM_Cmd)
    TIM_DeInit                               0x080011a1   Thumb Code   284  stm32f4xx_tim.o(i.TIM_DeInit)
    TIM_GetITStatus                          0x080012f1   Thumb Code    24  stm32f4xx_tim.o(i.TIM_GetITStatus)
    TIM_ITConfig                             0x08001309   Thumb Code    16  stm32f4xx_tim.o(i.TIM_ITConfig)
    TIM_SelectOutputTrigger                  0x08001319   Thumb Code    16  stm32f4xx_tim.o(i.TIM_SelectOutputTrigger)
    TIM_TimeBaseInit                         0x08001329   Thumb Code    96  stm32f4xx_tim.o(i.TIM_TimeBaseInit)
    TIM_TimeBaseStructInit                   0x080013a5   Thumb Code    18  stm32f4xx_tim.o(i.TIM_TimeBaseStructInit)
    UART4_IRQHandler                         0x080013b9   Thumb Code    46  run_isr.o(i.UART4_IRQHandler)
    UART5_IRQHandler                         0x080013ed   Thumb Code    46  run_isr.o(i.UART5_IRQHandler)
    USART1_IRQHandler                        0x08001421   Thumb Code    46  run_isr.o(i.USART1_IRQHandler)
    USART2_IRQHandler                        0x08001455   Thumb Code    46  run_isr.o(i.USART2_IRQHandler)
    USART3_IRQHandler                        0x08001489   Thumb Code    46  run_isr.o(i.USART3_IRQHandler)
    USART6_IRQHandler                        0x080014bd   Thumb Code    46  run_isr.o(i.USART6_IRQHandler)
    USART_ClearITPendingBit                  0x080014f1   Thumb Code    12  stm32f4xx_usart.o(i.USART_ClearITPendingBit)
    USART_Cmd                                0x080014fd   Thumb Code    20  stm32f4xx_usart.o(i.USART_Cmd)
    USART_GetFlagStatus                      0x08001511   Thumb Code    14  stm32f4xx_usart.o(i.USART_GetFlagStatus)
    USART_GetITStatus                        0x0800151f   Thumb Code    62  stm32f4xx_usart.o(i.USART_GetITStatus)
    USART_ITConfig                           0x0800155d   Thumb Code    48  stm32f4xx_usart.o(i.USART_ITConfig)
    USART_Init                               0x0800158d   Thumb Code   164  stm32f4xx_usart.o(i.USART_Init)
    USART_ReceiveData                        0x08001639   Thumb Code     8  stm32f4xx_usart.o(i.USART_ReceiveData)
    USART_SendData                           0x08001641   Thumb Code     8  stm32f4xx_usart.o(i.USART_SendData)
    __0printf$1                              0x08001649   Thumb Code    22  printf1.o(i.__0printf$1)
    __1printf$1                              0x08001649   Thumb Code     0  printf1.o(i.__0printf$1)
    __2printf                                0x08001649   Thumb Code     0  printf1.o(i.__0printf$1)
    __scatterload_copy                       0x08001669   Thumb Code    14  handlers.o(i.__scatterload_copy)
    __scatterload_null                       0x08001677   Thumb Code     2  handlers.o(i.__scatterload_null)
    __scatterload_zeroinit                   0x08001679   Thumb Code    14  handlers.o(i.__scatterload_zeroinit)
    arm_bitreversal_32                       0x080017dd   Thumb Code    60  transformfunctions.o(i.arm_bitreversal_32)
    arm_cfft_f32                             0x08001819   Thumb Code   204  transformfunctions.o(i.arm_cfft_f32)
    arm_cfft_radix8by2_f32                   0x080018e5   Thumb Code   394  transformfunctions.o(i.arm_cfft_radix8by2_f32)
    arm_cfft_radix8by4_f32                   0x08001a6f   Thumb Code  1080  transformfunctions.o(i.arm_cfft_radix8by4_f32)
    arm_cmplx_mag_f32                        0x08001ea9   Thumb Code    60  complexmathfunctions.o(i.arm_cmplx_mag_f32)
    arm_radix8_butterfly_f32                 0x08001ee9   Thumb Code  1236  transformfunctions.o(i.arm_radix8_butterfly_f32)
    fputc                                    0x080023bd   Thumb Code    16  run_uart.o(i.fputc)
    main                                     0x080023cd   Thumb Code   222  main.o(i.main)
    uart1_rx_interrupt                       0x080024f1   Thumb Code    86  run_isr.o(i.uart1_rx_interrupt)
    uart2_rx_interrupt                       0x08002551   Thumb Code    86  run_isr.o(i.uart2_rx_interrupt)
    uart3_rx_interrupt                       0x080025b1   Thumb Code    86  run_isr.o(i.uart3_rx_interrupt)
    uart4_rx_interrupt                       0x08002611   Thumb Code    86  run_isr.o(i.uart4_rx_interrupt)
    uart5_rx_interrupt                       0x08002671   Thumb Code    86  run_isr.o(i.uart5_rx_interrupt)
    uart6_rx_interrupt                       0x080026d1   Thumb Code    86  run_isr.o(i.uart6_rx_interrupt)
    gpio_cfg                                 0x08002730   Data        1728  run_gpio.o(.constdata)
    uart_cfg                                 0x08002df0   Data         480  run_uart.o(.constdata)
    timer_cfg                                0x08002fd0   Data         168  run_timer.o(.constdata)
    twiddleCoef_1024                         0x08003078   Data        8192  commontables.o(.constdata)
    armBitRevIndexTable1024                  0x08005078   Data        3600  commontables.o(.constdata)
    arm_cfft_sR_f32_len1024                  0x08005e88   Data          16  commontables.o(.constdata)
    Region$$Table$$Base                      0x08005e98   Number         0  anon$$obj.o(Region$$Table)
    Region$$Table$$Limit                     0x08005eb8   Number         0  anon$$obj.o(Region$$Table)
    __stdout                                 0x20000014   Data           4  run_uart.o(.data)
    UART1_RxFlag                             0x20000018   Data           1  run_isr.o(.data)
    UART2_RxFlag                             0x20000019   Data           1  run_isr.o(.data)
    UART3_RxFlag                             0x2000001a   Data           1  run_isr.o(.data)
    UART4_RxFlag                             0x2000001b   Data           1  run_isr.o(.data)
    UART5_RxFlag                             0x2000001c   Data           1  run_isr.o(.data)
    UART6_RxFlag                             0x2000001d   Data           1  run_isr.o(.data)
    FFT_Ready_Flag                           0x2000002c   Data           1  adc_dma.o(.data)
    FFT_Process_Ptr                          0x20000030   Data           4  adc_dma.o(.data)
    FFT_InputBuf                             0x20000034   Data        8192  main.o(.bss)
    FFT_OutputMag                            0x20002034   Data        4096  main.o(.bss)
    UART1_RxPacket                           0x20003034   Data         100  run_isr.o(.bss)
    UART2_RxPacket                           0x20003098   Data         100  run_isr.o(.bss)
    UART3_RxPacket                           0x200030fc   Data         100  run_isr.o(.bss)
    UART4_RxPacket                           0x20003160   Data         100  run_isr.o(.bss)
    UART5_RxPacket                           0x200031c4   Data         100  run_isr.o(.bss)
    UART6_RxPacket                           0x20003228   Data         100  run_isr.o(.bss)
    ADC_Value_Buffer                         0x200032cc   Data        4096  adc_dma.o(.bss)
    __initial_sp                             0x200046d0   Data           0  startup_stm32f40_41xxx.o(STACK)



==============================================================================

Memory Map of the image

  Image Entry point : 0x08000189

  Load Region LR_IROM1 (Base: 0x08000000, Size: 0x00005eec, Max: 0x00080000, ABSOLUTE)

    Execution Region ER_IROM1 (Exec base: 0x08000000, Load base: 0x08000000, Size: 0x00005eb8, Max: 0x00080000, ABSOLUTE)

    Exec Addr    Load Addr    Size         Type   Attr      Idx    E Section Name        Object

    0x08000000   0x08000000   0x00000188   Data   RO            3    RESET               startup_stm32f40_41xxx.o
    0x08000188   0x08000188   0x00000000   Code   RO        12205  * .ARM.Collect$$$$00000000  mc_w.l(entry.o)
    0x08000188   0x08000188   0x00000004   Code   RO        12546    .ARM.Collect$$$$00000001  mc_w.l(entry2.o)
    0x0800018c   0x0800018c   0x00000004   Code   RO        12549    .ARM.Collect$$$$00000004  mc_w.l(entry5.o)
    0x08000190   0x08000190   0x00000000   Code   RO        12551    .ARM.Collect$$$$00000008  mc_w.l(entry7b.o)
    0x08000190   0x08000190   0x00000000   Code   RO        12553    .ARM.Collect$$$$0000000A  mc_w.l(entry8b.o)
    0x08000190   0x08000190   0x00000008   Code   RO        12554    .ARM.Collect$$$$0000000B  mc_w.l(entry9a.o)
    0x08000198   0x08000198   0x00000000   Code   RO        12556    .ARM.Collect$$$$0000000D  mc_w.l(entry10a.o)
    0x08000198   0x08000198   0x00000000   Code   RO        12558    .ARM.Collect$$$$0000000F  mc_w.l(entry11a.o)
    0x08000198   0x08000198   0x00000004   Code   RO        12547    .ARM.Collect$$$$00002712  mc_w.l(entry2.o)
    0x0800019c   0x0800019c   0x00000024   Code   RO            4    .text               startup_stm32f40_41xxx.o
    0x080001c0   0x080001c0   0x00000024   Code   RO        12218    .text               mc_w.l(memseta.o)
    0x080001e4   0x080001e4   0x0000002c   Code   RO        12560    .text               mc_w.l(uidiv.o)
    0x08000210   0x08000210   0x00000024   Code   RO        12582    .text               mc_w.l(init.o)
    0x08000234   0x08000234   0x00000014   Code   RO          377    i.ADC_Cmd           stm32f4xx_adc.o
    0x08000248   0x08000248   0x0000002c   Code   RO          378    i.ADC_CommonInit    stm32f4xx_adc.o
    0x08000274   0x08000274   0x0000000c   Code   RO          379    i.ADC_CommonStructInit  stm32f4xx_adc.o
    0x08000280   0x08000280   0x00000014   Code   RO          381    i.ADC_DMACmd        stm32f4xx_adc.o
    0x08000294   0x08000294   0x00000014   Code   RO          382    i.ADC_DMARequestAfterLastTransferCmd  stm32f4xx_adc.o
    0x080002a8   0x080002a8   0x00000018   Code   RO          383    i.ADC_DeInit        stm32f4xx_adc.o
    0x080002c0   0x080002c0   0x0000004c   Code   RO          397    i.ADC_Init          stm32f4xx_adc.o
    0x0800030c   0x0800030c   0x00000074   Code   RO          402    i.ADC_RegularChannelConfig  stm32f4xx_adc.o
    0x08000380   0x08000380   0x00000014   Code   RO          406    i.ADC_StructInit    stm32f4xx_adc.o
    0x08000394   0x08000394   0x00000164   Code   RO         5876    i.Audio_ADC_DMA_Init  adc_dma.o
    0x080004f8   0x080004f8   0x0000005c   Code   RO         5877    i.DMA2_Stream0_IRQHandler  adc_dma.o
    0x08000554   0x08000554   0x0000002c   Code   RO         1354    i.DMA_ClearFlag     stm32f4xx_dma.o
    0x08000580   0x08000580   0x0000002c   Code   RO         1355    i.DMA_ClearITPendingBit  stm32f4xx_dma.o
    0x080005ac   0x080005ac   0x00000014   Code   RO         1356    i.DMA_Cmd           stm32f4xx_dma.o
    0x080005c0   0x080005c0   0x00000124   Code   RO         1357    i.DMA_DeInit        stm32f4xx_dma.o
    0x080006e4   0x080006e4   0x00000054   Code   RO         1366    i.DMA_GetITStatus   stm32f4xx_dma.o
    0x08000738   0x08000738   0x0000002c   Code   RO         1367    i.DMA_ITConfig      stm32f4xx_dma.o
    0x08000764   0x08000764   0x00000054   Code   RO         1368    i.DMA_Init          stm32f4xx_dma.o
    0x080007b8   0x080007b8   0x00000022   Code   RO         1372    i.DMA_StructInit    stm32f4xx_dma.o
    0x080007da   0x080007da   0x00000008   Code   RO         5641    i.EXTI0_IRQHandler  run_exti.o
    0x080007e2   0x080007e2   0x00000042   Code   RO         5642    i.EXTI15_10_IRQHandler  run_exti.o
    0x08000824   0x08000824   0x00000008   Code   RO         5643    i.EXTI1_IRQHandler  run_exti.o
    0x0800082c   0x0800082c   0x00000008   Code   RO         5644    i.EXTI2_IRQHandler  run_exti.o
    0x08000834   0x08000834   0x00000008   Code   RO         5645    i.EXTI3_IRQHandler  run_exti.o
    0x0800083c   0x0800083c   0x00000008   Code   RO         5646    i.EXTI4_IRQHandler  run_exti.o
    0x08000844   0x08000844   0x00000030   Code   RO         5647    i.EXTI9_5_IRQHandler  run_exti.o
    0x08000874   0x08000874   0x0000000c   Code   RO         1622    i.EXTI_ClearITPendingBit  stm32f4xx_exti.o
    0x08000880   0x08000880   0x00000014   Code   RO         1626    i.EXTI_GetITStatus  stm32f4xx_exti.o
    0x08000894   0x08000894   0x00000078   Code   RO         2078    i.GPIO_Init         stm32f4xx_gpio.o
    0x0800090c   0x0800090c   0x00000020   Code   RO         2079    i.GPIO_PinAFConfig  stm32f4xx_gpio.o
    0x0800092c   0x0800092c   0x00000004   Code   RO         2085    i.GPIO_ResetBits    stm32f4xx_gpio.o
    0x08000930   0x08000930   0x00000004   Code   RO         2086    i.GPIO_SetBits      stm32f4xx_gpio.o
    0x08000934   0x08000934   0x00000008   Code   RO         2088    i.GPIO_ToggleBits   stm32f4xx_gpio.o
    0x0800093c   0x0800093c   0x00000064   Code   RO          323    i.NVIC_Init         misc.o
    0x080009a0   0x080009a0   0x00000018   Code   RO         2962    i.RCC_AHB1PeriphClockCmd  stm32f4xx_rcc.o
    0x080009b8   0x080009b8   0x00000018   Code   RO         2971    i.RCC_APB1PeriphClockCmd  stm32f4xx_rcc.o
    0x080009d0   0x080009d0   0x00000018   Code   RO         2973    i.RCC_APB1PeriphResetCmd  stm32f4xx_rcc.o
    0x080009e8   0x080009e8   0x00000018   Code   RO         2974    i.RCC_APB2PeriphClockCmd  stm32f4xx_rcc.o
    0x08000a00   0x08000a00   0x00000018   Code   RO         2976    i.RCC_APB2PeriphResetCmd  stm32f4xx_rcc.o
    0x08000a18   0x08000a18   0x00000090   Code   RO         2983    i.RCC_GetClocksFreq  stm32f4xx_rcc.o
    0x08000aa8   0x08000aa8   0x00000028   Code   RO         5648    i.RUN_EXTI_Handler  run_exti.o
    0x08000ad0   0x08000ad0   0x00000024   Code   RO         5304    i.RUN_TIM6_Handler_Core  run_isr.o
    0x08000af4   0x08000af4   0x00000018   Code   RO         5172    i.RUN_delay_init    run_delay.o
    0x08000b0c   0x08000b0c   0x0000001a   Code   RO         5173    i.RUN_delay_ms      run_delay.o
    0x08000b26   0x08000b26   0x00000002   PAD
    0x08000b28   0x08000b28   0x00000034   Code   RO         5174    i.RUN_delay_us      run_delay.o
    0x08000b5c   0x08000b5c   0x00000098   Code   RO         5125    i.RUN_gpio_init     run_gpio.o
    0x08000bf4   0x08000bf4   0x00000028   Code   RO         5126    i.RUN_gpio_set      run_gpio.o
    0x08000c1c   0x08000c1c   0x00000020   Code   RO         5127    i.RUN_gpio_toggle   run_gpio.o
    0x08000c3c   0x08000c3c   0x000000a0   Code   RO         5570    i.RUN_timer_init    run_timer.o
    0x08000cdc   0x08000cdc   0x00000148   Code   RO         5211    i.RUN_uart_init     run_uart.o
    0x08000e24   0x08000e24   0x00000030   Code   RO         5214    i.RUN_uart_putchar  run_uart.o
    0x08000e54   0x08000e54   0x0000001c   Code   RO         5217    i.RUN_uart_putstr   run_uart.o
    0x08000e70   0x08000e70   0x000000b4   Code   RO           13    i.SetSysClock       system_stm32f4xx.o
    0x08000f24   0x08000f24   0x00000018   Code   RO          327    i.SysTick_CLKSourceConfig  misc.o
    0x08000f3c   0x08000f3c   0x0000005c   Code   RO           15    i.SystemInit        system_stm32f4xx.o
    0x08000f98   0x08000f98   0x00000002   Code   RO         5305    i.TIM10_Callback    run_isr.o
    0x08000f9a   0x08000f9a   0x00000002   Code   RO         5306    i.TIM11_Callback    run_isr.o
    0x08000f9c   0x08000f9c   0x00000002   Code   RO         5307    i.TIM12_Callback    run_isr.o
    0x08000f9e   0x08000f9e   0x00000002   Code   RO         5308    i.TIM13_Callback    run_isr.o
    0x08000fa0   0x08000fa0   0x00000002   Code   RO         5309    i.TIM14_Callback    run_isr.o
    0x08000fa2   0x08000fa2   0x00000002   PAD
    0x08000fa4   0x08000fa4   0x00000024   Code   RO         5310    i.TIM1_BRK_TIM9_IRQHandler  run_isr.o
    0x08000fc8   0x08000fc8   0x00000024   Code   RO         5311    i.TIM1_TRG_COM_TIM11_IRQHandler  run_isr.o
    0x08000fec   0x08000fec   0x00000002   Code   RO         5312    i.TIM1_UP_Callback  run_isr.o
    0x08000fee   0x08000fee   0x00000002   PAD
    0x08000ff0   0x08000ff0   0x00000040   Code   RO         5313    i.TIM1_UP_TIM10_IRQHandler  run_isr.o
    0x08001030   0x08001030   0x00000002   Code   RO         5314    i.TIM2_Callback     run_isr.o
    0x08001032   0x08001032   0x0000001e   Code   RO         5315    i.TIM2_IRQHandler   run_isr.o
    0x08001050   0x08001050   0x00000002   Code   RO         5316    i.TIM3_Callback     run_isr.o
    0x08001052   0x08001052   0x00000002   PAD
    0x08001054   0x08001054   0x00000024   Code   RO         5317    i.TIM3_IRQHandler   run_isr.o
    0x08001078   0x08001078   0x00000006   Code   RO          158    i.TIM4_Callback     main.o
    0x0800107e   0x0800107e   0x00000002   PAD
    0x08001080   0x08001080   0x00000024   Code   RO         5319    i.TIM4_IRQHandler   run_isr.o
    0x080010a4   0x080010a4   0x00000002   Code   RO         5320    i.TIM5_Callback     run_isr.o
    0x080010a6   0x080010a6   0x00000002   PAD
    0x080010a8   0x080010a8   0x00000024   Code   RO         5321    i.TIM5_IRQHandler   run_isr.o
    0x080010cc   0x080010cc   0x00000002   Code   RO         5322    i.TIM6_Callback     run_isr.o
    0x080010ce   0x080010ce   0x00000004   Code   RO         5323    i.TIM6_DAC_IRQHandler  run_isr.o
    0x080010d2   0x080010d2   0x00000002   Code   RO         5325    i.TIM7_Callback     run_isr.o
    0x080010d4   0x080010d4   0x00000024   Code   RO         5326    i.TIM7_IRQHandler   run_isr.o
    0x080010f8   0x080010f8   0x00000024   Code   RO         5327    i.TIM8_BRK_TIM12_IRQHandler  run_isr.o
    0x0800111c   0x0800111c   0x00000024   Code   RO         5328    i.TIM8_TRG_COM_TIM14_IRQHandler  run_isr.o
    0x08001140   0x08001140   0x00000002   Code   RO         5329    i.TIM8_UP_Callback  run_isr.o
    0x08001142   0x08001142   0x00000002   PAD
    0x08001144   0x08001144   0x00000040   Code   RO         5330    i.TIM8_UP_TIM13_IRQHandler  run_isr.o
    0x08001184   0x08001184   0x00000002   Code   RO         5331    i.TIM9_Callback     run_isr.o
    0x08001186   0x08001186   0x00000006   Code   RO         4324    i.TIM_ClearITPendingBit  stm32f4xx_tim.o
    0x0800118c   0x0800118c   0x00000014   Code   RO         4329    i.TIM_Cmd           stm32f4xx_tim.o
    0x080011a0   0x080011a0   0x00000150   Code   RO         4334    i.TIM_DeInit        stm32f4xx_tim.o
    0x080012f0   0x080012f0   0x00000018   Code   RO         4350    i.TIM_GetITStatus   stm32f4xx_tim.o
    0x08001308   0x08001308   0x00000010   Code   RO         4354    i.TIM_ITConfig      stm32f4xx_tim.o
    0x08001318   0x08001318   0x00000010   Code   RO         4387    i.TIM_SelectOutputTrigger  stm32f4xx_tim.o
    0x08001328   0x08001328   0x0000007c   Code   RO         4401    i.TIM_TimeBaseInit  stm32f4xx_tim.o
    0x080013a4   0x080013a4   0x00000012   Code   RO         4402    i.TIM_TimeBaseStructInit  stm32f4xx_tim.o
    0x080013b6   0x080013b6   0x00000002   PAD
    0x080013b8   0x080013b8   0x00000034   Code   RO         5332    i.UART4_IRQHandler  run_isr.o
    0x080013ec   0x080013ec   0x00000034   Code   RO         5333    i.UART5_IRQHandler  run_isr.o
    0x08001420   0x08001420   0x00000034   Code   RO         5334    i.USART1_IRQHandler  run_isr.o
    0x08001454   0x08001454   0x00000034   Code   RO         5335    i.USART2_IRQHandler  run_isr.o
    0x08001488   0x08001488   0x00000034   Code   RO         5336    i.USART3_IRQHandler  run_isr.o
    0x080014bc   0x080014bc   0x00000034   Code   RO         5337    i.USART6_IRQHandler  run_isr.o
    0x080014f0   0x080014f0   0x0000000c   Code   RO         4867    i.USART_ClearITPendingBit  stm32f4xx_usart.o
    0x080014fc   0x080014fc   0x00000014   Code   RO         4870    i.USART_Cmd         stm32f4xx_usart.o
    0x08001510   0x08001510   0x0000000e   Code   RO         4873    i.USART_GetFlagStatus  stm32f4xx_usart.o
    0x0800151e   0x0800151e   0x0000003e   Code   RO         4874    i.USART_GetITStatus  stm32f4xx_usart.o
    0x0800155c   0x0800155c   0x00000030   Code   RO         4876    i.USART_ITConfig    stm32f4xx_usart.o
    0x0800158c   0x0800158c   0x000000ac   Code   RO         4877    i.USART_Init        stm32f4xx_usart.o
    0x08001638   0x08001638   0x00000008   Code   RO         4884    i.USART_ReceiveData  stm32f4xx_usart.o
    0x08001640   0x08001640   0x00000008   Code   RO         4887    i.USART_SendData    stm32f4xx_usart.o
    0x08001648   0x08001648   0x00000020   Code   RO        12267    i.__0printf$1       mc_w.l(printf1.o)
    0x08001668   0x08001668   0x0000000e   Code   RO        12586    i.__scatterload_copy  mc_w.l(handlers.o)
    0x08001676   0x08001676   0x00000002   Code   RO        12587    i.__scatterload_null  mc_w.l(handlers.o)
    0x08001678   0x08001678   0x0000000e   Code   RO        12588    i.__scatterload_zeroinit  mc_w.l(handlers.o)
    0x08001686   0x08001686   0x00000002   PAD
    0x08001688   0x08001688   0x00000154   Code   RO        12274    i._printf_core      mc_w.l(printf1.o)
    0x080017dc   0x080017dc   0x0000003c   Code   RO        10902    i.arm_bitreversal_32  transformfunctions.o
    0x08001818   0x08001818   0x000000cc   Code   RO        10907    i.arm_cfft_f32      transformfunctions.o
    0x080018e4   0x080018e4   0x0000018a   Code   RO        10968    i.arm_cfft_radix8by2_f32  transformfunctions.o
    0x08001a6e   0x08001a6e   0x00000438   Code   RO        10969    i.arm_cfft_radix8by4_f32  transformfunctions.o
    0x08001ea6   0x08001ea6   0x00000002   PAD
    0x08001ea8   0x08001ea8   0x00000040   Code   RO         6844    i.arm_cmplx_mag_f32  complexmathfunctions.o
    0x08001ee8   0x08001ee8   0x000004d4   Code   RO        11019    i.arm_radix8_butterfly_f32  transformfunctions.o
    0x080023bc   0x080023bc   0x00000010   Code   RO         5220    i.fputc             run_uart.o
    0x080023cc   0x080023cc   0x00000124   Code   RO          159    i.main              main.o
    0x080024f0   0x080024f0   0x00000060   Code   RO         5338    i.uart1_rx_interrupt  run_isr.o
    0x08002550   0x08002550   0x00000060   Code   RO         5339    i.uart2_rx_interrupt  run_isr.o
    0x080025b0   0x080025b0   0x00000060   Code   RO         5340    i.uart3_rx_interrupt  run_isr.o
    0x08002610   0x08002610   0x00000060   Code   RO         5341    i.uart4_rx_interrupt  run_isr.o
    0x08002670   0x08002670   0x00000060   Code   RO         5342    i.uart5_rx_interrupt  run_isr.o
    0x080026d0   0x080026d0   0x00000060   Code   RO         5343    i.uart6_rx_interrupt  run_isr.o
    0x08002730   0x08002730   0x000006c0   Data   RO         5128    .constdata          run_gpio.o
    0x08002df0   0x08002df0   0x000001e0   Data   RO         5221    .constdata          run_uart.o
    0x08002fd0   0x08002fd0   0x000000a8   Data   RO         5571    .constdata          run_timer.o
    0x08003078   0x08003078   0x00002000   Data   RO         6605    .constdata          commontables.o
    0x08005078   0x08005078   0x00000e10   Data   RO         6641    .constdata          commontables.o
    0x08005e88   0x08005e88   0x00000010   Data   RO         6721    .constdata          commontables.o
    0x08005e98   0x08005e98   0x00000020   Data   RO        12584    Region$$Table       anon$$obj.o


    Execution Region RW_IRAM1 (Exec base: 0x20000000, Load base: 0x08005eb8, Size: 0x000046d0, Max: 0x00020000, ABSOLUTE)

    Exec Addr    Load Addr    Size         Type   Attr      Idx    E Section Name        Object

    0x20000000   0x08005eb8   0x00000010   Data   RW         3014    .data               stm32f4xx_rcc.o
    0x20000010   0x08005ec8   0x00000001   Data   RW         5175    .data               run_delay.o
    0x20000011   0x08005ec9   0x00000003   PAD
    0x20000014   0x08005ecc   0x00000004   Data   RW         5222    .data               run_uart.o
    0x20000018   0x08005ed0   0x00000012   Data   RW         5345    .data               run_isr.o
    0x2000002a   0x08005ee2   0x00000002   PAD
    0x2000002c   0x08005ee4   0x00000008   Data   RW         5879    .data               adc_dma.o
    0x20000034        -       0x00003000   Zero   RW          160    .bss                main.o
    0x20003034        -       0x00000258   Zero   RW         5344    .bss                run_isr.o
    0x2000328c        -       0x00000040   Zero   RW         5653    .bss                run_exti.o
    0x200032cc        -       0x00001000   Zero   RW         5878    .bss                adc_dma.o
    0x200042cc   0x08005eec   0x00000004   PAD
    0x200042d0        -       0x00000400   Zero   RW            1    STACK               startup_stm32f40_41xxx.o


==============================================================================

Image component sizes


      Code (inc. data)   RO Data    RW Data    ZI Data      Debug   Object Name

       448         52          0          8       4096       2321   adc_dma.o
         0          0      11808          0          0      13445   commontables.o
        64          4          0          0          0       2016   complexmathfunctions.o
       298         70          0          0      12288      11240   main.o
       124          4          0          0          0       1778   misc.o
       102         10          0          1          0       2103   run_delay.o
       194          4          0          0         64       5287   run_exti.o
       224         22       1728          0          0       4132   run_gpio.o
      1400        170          0         18        600      24022   run_isr.o
       160         12        168          0          0       1581   run_timer.o
       420         34        480          4          0       6100   run_uart.o
        36          8        392          0       1024        916   startup_stm32f40_41xxx.o
       352         20          0          0          0       7324   stm32f4xx_adc.o
       646         64          0          0          0       7224   stm32f4xx_dma.o
        32         10          0          0          0       1296   stm32f4xx_exti.o
       168          0          0          0          0       3829   stm32f4xx_gpio.o
       264         42          0         16          0       6445   stm32f4xx_rcc.o
       560         80          0          0          0       7429   stm32f4xx_tim.o
       344          8          0          0          0       6871   stm32f4xx_usart.o
       272         36          0          0          0     309269   system_stm32f4xx.o
      2974          4          0          0          0       9705   transformfunctions.o

    ----------------------------------------------------------------------
      9100        654      14608         52      18076     434333   Object Totals
         0          0         32          0          0          0   (incl. Generated)
        18          0          0          5          4          0   (incl. Padding)

    ----------------------------------------------------------------------

      Code (inc. data)   RO Data    RW Data    ZI Data      Debug   Library Member Name

         0          0          0          0          0          0   entry.o
         0          0          0          0          0          0   entry10a.o
         0          0          0          0          0          0   entry11a.o
         8          4          0          0          0          0   entry2.o
         4          0          0          0          0          0   entry5.o
         0          0          0          0          0          0   entry7b.o
         0          0          0          0          0          0   entry8b.o
         8          4          0          0          0          0   entry9a.o
        30          0          0          0          0          0   handlers.o
        36          8          0          0          0         68   init.o
        36          0          0          0          0        108   memseta.o
       372         14          0          0          0        184   printf1.o
        44          0          0          0          0         80   uidiv.o

    ----------------------------------------------------------------------
       540         30          0          0          0        440   Library Totals
         2          0          0          0          0          0   (incl. Padding)

    ----------------------------------------------------------------------

      Code (inc. data)   RO Data    RW Data    ZI Data      Debug   Library Name

       538         30          0          0          0        440   mc_w.l

    ----------------------------------------------------------------------
       540         30          0          0          0        440   Library Totals

    ----------------------------------------------------------------------

==============================================================================


      Code (inc. data)   RO Data    RW Data    ZI Data      Debug   

      9640        684      14608         52      18076     423873   Grand Totals
      9640        684      14608         52      18076     423873   ELF Image Totals
      9640        684      14608         52          0          0   ROM Totals

==============================================================================

    Total RO  Size (Code + RO Data)                24248 (  23.68kB)
    Total RW  Size (RW Data + ZI Data)             18128 (  17.70kB)
    Total ROM Size (Code + RO Data + RW Data)      24300 (  23.73kB)

==============================================================================

